Archive member included because of file (symbol)

C:/Freescale/CW MCU v10.6.4/MCU/ARM_GCC_Support/ewl/lib/armv6-m\libc.a(exit.o)
                              ./Project_Settings/Startup_Code/__arm_start.o (exit)
C:/Freescale/CW MCU v10.6.4/MCU/ARM_GCC_Support/ewl/lib/armv6-m\libc.a(memset.o)
                              ./Project_Settings/Startup_Code/__arm_start.o (memset)
C:/Freescale/CW MCU v10.6.4/MCU/ARM_GCC_Support/ewl/lib/armv6-m\libc.a(__filll_mem.o)
                              C:/Freescale/CW MCU v10.6.4/MCU/ARM_GCC_Support/ewl/lib/armv6-m\libc.a(memset.o) (__fill_mem)
C:/Freescale/CW MCU v10.6.4/MCU/ARM_GCC_Support/ewl/lib/armv6-m\libc.a(printformat_.o)
                              (__pformatter_)
C:/Freescale/CW MCU v10.6.4/MCU/ARM_GCC_Support/ewl/lib/armv6-m\libc.a(scanformat_.o)
                              (__sformatter)
C:/Freescale/CW MCU v10.6.4/MCU/ARM_GCC_Support/ewl/lib/armv6-m\libc.a(ctype_aeabi.o)
                              C:/Freescale/CW MCU v10.6.4/MCU/ARM_GCC_Support/ewl/lib/armv6-m\libc.a(scanformat_.o) (isspace)
C:/Freescale/CW MCU v10.6.4/MCU/ARM_GCC_Support/ewl/lib/armv6-m\libc.a(__strtoul.o)
                              C:/Freescale/CW MCU v10.6.4/MCU/ARM_GCC_Support/ewl/lib/armv6-m\libc.a(scanformat_.o) (__strtoul)
C:/Freescale/CW MCU v10.6.4/MCU/ARM_GCC_Support/ewl/lib/armv6-m\libc.a(strchr.o)
                              C:/Freescale/CW MCU v10.6.4/MCU/ARM_GCC_Support/ewl/lib/armv6-m\libc.a(printformat_.o) (strchr)
C:/Freescale/CW MCU v10.6.4/MCU/ARM_GCC_Support/ewl/lib/armv6-m\libc.a(memcpy.o)
                              C:/Freescale/CW MCU v10.6.4/MCU/ARM_GCC_Support/ewl/lib/armv6-m\libc.a(scanformat_.o) (memcpy)
C:/Freescale/CW MCU v10.6.4/MCU/ARM_GCC_Support/ewl/lib/armv6-m\libc.a(strlen.o)
                              C:/Freescale/CW MCU v10.6.4/MCU/ARM_GCC_Support/ewl/lib/armv6-m\libc.a(printformat_.o) (strlen)
C:/Freescale/CW MCU v10.6.4/MCU/ARM_GCC_Support/ewl/lib/armv6-m\libc.a(memchr.o)
                              C:/Freescale/CW MCU v10.6.4/MCU/ARM_GCC_Support/ewl/lib/armv6-m\libc.a(printformat_.o) (memchr)
c:/freescale/cw mcu v10.6.4/cross_tools/arm-none-eabi-gcc-4_7_3/bin/../lib/gcc/arm-none-eabi/4.7.3/armv6-m\libgcc.a(_thumb1_case_sqi.o)
                              C:/Freescale/CW MCU v10.6.4/MCU/ARM_GCC_Support/ewl/lib/armv6-m\libc.a(__strtoul.o) (__gnu_thumb1_case_sqi)
c:/freescale/cw mcu v10.6.4/cross_tools/arm-none-eabi-gcc-4_7_3/bin/../lib/gcc/arm-none-eabi/4.7.3/armv6-m\libgcc.a(_thumb1_case_uqi.o)
                              C:/Freescale/CW MCU v10.6.4/MCU/ARM_GCC_Support/ewl/lib/armv6-m\libc.a(scanformat_.o) (__gnu_thumb1_case_uqi)
c:/freescale/cw mcu v10.6.4/cross_tools/arm-none-eabi-gcc-4_7_3/bin/../lib/gcc/arm-none-eabi/4.7.3/armv6-m\libgcc.a(_udivsi3.o)
                              ./Sources/app/Player.o (__aeabi_uidiv)
c:/freescale/cw mcu v10.6.4/cross_tools/arm-none-eabi-gcc-4_7_3/bin/../lib/gcc/arm-none-eabi/4.7.3/armv6-m\libgcc.a(_divsi3.o)
                              ./Sources/mcl/CrystalClock.o (__aeabi_idiv)
c:/freescale/cw mcu v10.6.4/cross_tools/arm-none-eabi-gcc-4_7_3/bin/../lib/gcc/arm-none-eabi/4.7.3/armv6-m\libgcc.a(_dvmd_tls.o)
                              c:/freescale/cw mcu v10.6.4/cross_tools/arm-none-eabi-gcc-4_7_3/bin/../lib/gcc/arm-none-eabi/4.7.3/armv6-m\libgcc.a(_udivsi3.o) (__aeabi_idiv0)
C:/Freescale/CW MCU v10.6.4/MCU/ARM_GCC_Support/ewl/lib/armv6-m\librt.a(gcc_ctor_dtor.o)
                              ./Project_Settings/Startup_Code/__arm_start.o (__init_cpp)
C:/Freescale/CW MCU v10.6.4/MCU/ARM_GCC_Support/ewl/lib/armv6-m\librt.a(__arm_eabi_init.o)
                              C:/Freescale/CW MCU v10.6.4/MCU/ARM_GCC_Support/ewl/lib/armv6-m\libc.a(exit.o) (__destroy_global_chain)
C:/Freescale/CW MCU v10.6.4/MCU/ARM_GCC_Support/ewl/lib/armv6-m\librt.a(ROMCopy.o)
                              ./Project_Settings/Startup_Code/__arm_start.o (__copy_rom_sections_to_ram)

Allocating common symbols
Common symbol       size              file

PlayerState         0xc               ./Sources/app/Player_Fsm.o
rt_curOpMode        0x2               ./Sources/gsc_scheduler/gsc_sch_core/gsc_sch_core.o

Discarded input sections

 .text          0x00000000        0x0 ./Project_Settings/Startup_Code/kinetis_sysinit.o
 .data          0x00000000        0x0 ./Project_Settings/Startup_Code/kinetis_sysinit.o
 .bss           0x00000000        0x0 ./Project_Settings/Startup_Code/kinetis_sysinit.o
 .text          0x00000000        0x0 ./Project_Settings/Startup_Code/__arm_start.o
 .data          0x00000000        0x0 ./Project_Settings/Startup_Code/__arm_start.o
 .bss           0x00000000        0x0 ./Project_Settings/Startup_Code/__arm_start.o
 .text.__iar_program_start
                0x00000000        0x4 ./Project_Settings/Startup_Code/__arm_start.o
 .text          0x00000000        0x0 ./Project_Settings/Startup_Code/__arm_end.o
 .data          0x00000000        0x0 ./Project_Settings/Startup_Code/__arm_end.o
 .bss           0x00000000        0x0 ./Project_Settings/Startup_Code/__arm_end.o
 .text          0x00000000        0x0 ./Sources/app/RGB_LEDs.o
 .data          0x00000000        0x0 ./Sources/app/RGB_LEDs.o
 .bss           0x00000000        0x0 ./Sources/app/RGB_LEDs.o
 .text.test_pwm
                0x00000000       0x4c ./Sources/app/RGB_LEDs.o
 .text.app_rgb_led
                0x00000000       0x78 ./Sources/app/RGB_LEDs.o
 .text.app_rgb_led_fsm
                0x00000000       0xcc ./Sources/app/RGB_LEDs.o
 .rodata.app_rgb_led_fsm
                0x00000000       0x20 ./Sources/app/RGB_LEDs.o
 .text.delay_time
                0x00000000       0x24 ./Sources/app/RGB_LEDs.o
 .bss.rgb_state.4766
                0x00000000        0x1 ./Sources/app/RGB_LEDs.o
 .bss.cont.4759
                0x00000000        0x1 ./Sources/app/RGB_LEDs.o
 .text          0x00000000        0x0 ./Sources/app/Player_Fsm.o
 .data          0x00000000        0x0 ./Sources/app/Player_Fsm.o
 .bss           0x00000000        0x0 ./Sources/app/Player_Fsm.o
 .text          0x00000000        0x0 ./Sources/app/Player.o
 .data          0x00000000        0x0 ./Sources/app/Player.o
 .bss           0x00000000        0x0 ./Sources/app/Player.o
 .text          0x00000000        0x0 ./Sources/app/Buttons.o
 .data          0x00000000        0x0 ./Sources/app/Buttons.o
 .bss           0x00000000        0x0 ./Sources/app/Buttons.o
 .text          0x00000000        0x0 ./Sources/gsc_scheduler/gsc_sch_core/gsc_sch_core_tick_isr.o
 .data          0x00000000        0x0 ./Sources/gsc_scheduler/gsc_sch_core/gsc_sch_core_tick_isr.o
 .bss           0x00000000        0x0 ./Sources/gsc_scheduler/gsc_sch_core/gsc_sch_core_tick_isr.o
 .text          0x00000000        0x0 ./Sources/gsc_scheduler/gsc_sch_core/gsc_sch_core_cfg.o
 .data          0x00000000        0x0 ./Sources/gsc_scheduler/gsc_sch_core/gsc_sch_core_cfg.o
 .bss           0x00000000        0x0 ./Sources/gsc_scheduler/gsc_sch_core/gsc_sch_core_cfg.o
 .text          0x00000000        0x0 ./Sources/gsc_scheduler/gsc_sch_core/gsc_sch_core.o
 .data          0x00000000        0x0 ./Sources/gsc_scheduler/gsc_sch_core/gsc_sch_core.o
 .bss           0x00000000        0x0 ./Sources/gsc_scheduler/gsc_sch_core/gsc_sch_core.o
 .text          0x00000000        0x0 ./Sources/gsc_scheduler/periodic_tasks/periodic_tasks_init.o
 .data          0x00000000        0x0 ./Sources/gsc_scheduler/periodic_tasks/periodic_tasks_init.o
 .bss           0x00000000        0x0 ./Sources/gsc_scheduler/periodic_tasks/periodic_tasks_init.o
 .text          0x00000000        0x0 ./Sources/gsc_scheduler/periodic_tasks/periodic_tasks_exec.o
 .data          0x00000000        0x0 ./Sources/gsc_scheduler/periodic_tasks/periodic_tasks_exec.o
 .bss           0x00000000        0x0 ./Sources/gsc_scheduler/periodic_tasks/periodic_tasks_exec.o
 .text          0x00000000        0x0 ./Sources/mcl/interrupts.o
 .data          0x00000000        0x0 ./Sources/mcl/interrupts.o
 .bss           0x00000000        0x0 ./Sources/mcl/interrupts.o
 .debug_info    0x00000000       0x6f ./Sources/mcl/interrupts.o
 .debug_abbrev  0x00000000       0x28 ./Sources/mcl/interrupts.o
 .debug_aranges
                0x00000000       0x18 ./Sources/mcl/interrupts.o
 .debug_macinfo
                0x00000000    0x26578 ./Sources/mcl/interrupts.o
 .debug_line    0x00000000      0x1e5 ./Sources/mcl/interrupts.o
 .debug_str     0x00000000      0x124 ./Sources/mcl/interrupts.o
 .comment       0x00000000       0x7a ./Sources/mcl/interrupts.o
 .ARM.attributes
                0x00000000       0x31 ./Sources/mcl/interrupts.o
 .text          0x00000000        0x0 ./Sources/mcl/CrystalClock.o
 .data          0x00000000        0x0 ./Sources/mcl/CrystalClock.o
 .bss           0x00000000        0x0 ./Sources/mcl/CrystalClock.o
 .text          0x00000000        0x0 ./Sources/mcl/ARM_SysTick.o
 .data          0x00000000        0x0 ./Sources/mcl/ARM_SysTick.o
 .bss           0x00000000        0x0 ./Sources/mcl/ARM_SysTick.o
 .text          0x00000000        0x0 ./Sources/sa_mtb.o
 .data          0x00000000        0x0 ./Sources/sa_mtb.o
 .bss           0x00000000        0x0 ./Sources/sa_mtb.o
 .debug_info    0x00000000       0x21 ./Sources/sa_mtb.o
 .debug_abbrev  0x00000000       0x12 ./Sources/sa_mtb.o
 .debug_aranges
                0x00000000       0x18 ./Sources/sa_mtb.o
 .debug_macinfo
                0x00000000     0x24d8 ./Sources/sa_mtb.o
 .debug_line    0x00000000       0xac ./Sources/sa_mtb.o
 .debug_str     0x00000000       0x8a ./Sources/sa_mtb.o
 .comment       0x00000000       0x7a ./Sources/sa_mtb.o
 .ARM.attributes
                0x00000000       0x31 ./Sources/sa_mtb.o
 .text          0x00000000        0x0 ./Sources/main.o
 .data          0x00000000        0x0 ./Sources/main.o
 .bss           0x00000000        0x0 ./Sources/main.o
 .text          0x00000000        0x0 C:/Freescale/CW MCU v10.6.4/MCU/ARM_GCC_Support/ewl/lib/armv6-m\libc.a(exit.o)
 .data          0x00000000        0x0 C:/Freescale/CW MCU v10.6.4/MCU/ARM_GCC_Support/ewl/lib/armv6-m\libc.a(exit.o)
 .bss           0x00000000        0x0 C:/Freescale/CW MCU v10.6.4/MCU/ARM_GCC_Support/ewl/lib/armv6-m\libc.a(exit.o)
 .text          0x00000000        0x0 C:/Freescale/CW MCU v10.6.4/MCU/ARM_GCC_Support/ewl/lib/armv6-m\libc.a(memset.o)
 .data          0x00000000        0x0 C:/Freescale/CW MCU v10.6.4/MCU/ARM_GCC_Support/ewl/lib/armv6-m\libc.a(memset.o)
 .bss           0x00000000        0x0 C:/Freescale/CW MCU v10.6.4/MCU/ARM_GCC_Support/ewl/lib/armv6-m\libc.a(memset.o)
 .text          0x00000000        0x0 C:/Freescale/CW MCU v10.6.4/MCU/ARM_GCC_Support/ewl/lib/armv6-m\libc.a(__filll_mem.o)
 .data          0x00000000        0x0 C:/Freescale/CW MCU v10.6.4/MCU/ARM_GCC_Support/ewl/lib/armv6-m\libc.a(__filll_mem.o)
 .bss           0x00000000        0x0 C:/Freescale/CW MCU v10.6.4/MCU/ARM_GCC_Support/ewl/lib/armv6-m\libc.a(__filll_mem.o)
 .text          0x00000000        0x0 C:/Freescale/CW MCU v10.6.4/MCU/ARM_GCC_Support/ewl/lib/armv6-m\libc.a(printformat_.o)
 .data          0x00000000        0x0 C:/Freescale/CW MCU v10.6.4/MCU/ARM_GCC_Support/ewl/lib/armv6-m\libc.a(printformat_.o)
 .bss           0x00000000        0x0 C:/Freescale/CW MCU v10.6.4/MCU/ARM_GCC_Support/ewl/lib/armv6-m\libc.a(printformat_.o)
 .text          0x00000000        0x0 C:/Freescale/CW MCU v10.6.4/MCU/ARM_GCC_Support/ewl/lib/armv6-m\libc.a(scanformat_.o)
 .data          0x00000000        0x0 C:/Freescale/CW MCU v10.6.4/MCU/ARM_GCC_Support/ewl/lib/armv6-m\libc.a(scanformat_.o)
 .bss           0x00000000        0x0 C:/Freescale/CW MCU v10.6.4/MCU/ARM_GCC_Support/ewl/lib/armv6-m\libc.a(scanformat_.o)
 .text          0x00000000        0x0 C:/Freescale/CW MCU v10.6.4/MCU/ARM_GCC_Support/ewl/lib/armv6-m\libc.a(ctype_aeabi.o)
 .data          0x00000000        0x0 C:/Freescale/CW MCU v10.6.4/MCU/ARM_GCC_Support/ewl/lib/armv6-m\libc.a(ctype_aeabi.o)
 .bss           0x00000000        0x0 C:/Freescale/CW MCU v10.6.4/MCU/ARM_GCC_Support/ewl/lib/armv6-m\libc.a(ctype_aeabi.o)
 .text.isalnum  0x00000000       0x1c C:/Freescale/CW MCU v10.6.4/MCU/ARM_GCC_Support/ewl/lib/armv6-m\libc.a(ctype_aeabi.o)
 .text.iscntrl  0x00000000       0x20 C:/Freescale/CW MCU v10.6.4/MCU/ARM_GCC_Support/ewl/lib/armv6-m\libc.a(ctype_aeabi.o)
 .text.isdigit  0x00000000        0xe C:/Freescale/CW MCU v10.6.4/MCU/ARM_GCC_Support/ewl/lib/armv6-m\libc.a(ctype_aeabi.o)
 .text.isgraph  0x00000000       0x1c C:/Freescale/CW MCU v10.6.4/MCU/ARM_GCC_Support/ewl/lib/armv6-m\libc.a(ctype_aeabi.o)
 .text.islower  0x00000000       0x20 C:/Freescale/CW MCU v10.6.4/MCU/ARM_GCC_Support/ewl/lib/armv6-m\libc.a(ctype_aeabi.o)
 .text.isprint  0x00000000       0x1c C:/Freescale/CW MCU v10.6.4/MCU/ARM_GCC_Support/ewl/lib/armv6-m\libc.a(ctype_aeabi.o)
 .text.ispunct  0x00000000       0x20 C:/Freescale/CW MCU v10.6.4/MCU/ARM_GCC_Support/ewl/lib/armv6-m\libc.a(ctype_aeabi.o)
 .text.isupper  0x00000000       0x20 C:/Freescale/CW MCU v10.6.4/MCU/ARM_GCC_Support/ewl/lib/armv6-m\libc.a(ctype_aeabi.o)
 .text.isxdigit
                0x00000000       0x20 C:/Freescale/CW MCU v10.6.4/MCU/ARM_GCC_Support/ewl/lib/armv6-m\libc.a(ctype_aeabi.o)
 .text.isblank  0x00000000       0x28 C:/Freescale/CW MCU v10.6.4/MCU/ARM_GCC_Support/ewl/lib/armv6-m\libc.a(ctype_aeabi.o)
 .text.tolower  0x00000000        0xe C:/Freescale/CW MCU v10.6.4/MCU/ARM_GCC_Support/ewl/lib/armv6-m\libc.a(ctype_aeabi.o)
 .text          0x00000000        0x0 C:/Freescale/CW MCU v10.6.4/MCU/ARM_GCC_Support/ewl/lib/armv6-m\libc.a(__strtoul.o)
 .data          0x00000000        0x0 C:/Freescale/CW MCU v10.6.4/MCU/ARM_GCC_Support/ewl/lib/armv6-m\libc.a(__strtoul.o)
 .bss           0x00000000        0x0 C:/Freescale/CW MCU v10.6.4/MCU/ARM_GCC_Support/ewl/lib/armv6-m\libc.a(__strtoul.o)
 .text          0x00000000        0x0 C:/Freescale/CW MCU v10.6.4/MCU/ARM_GCC_Support/ewl/lib/armv6-m\libc.a(strchr.o)
 .data          0x00000000        0x0 C:/Freescale/CW MCU v10.6.4/MCU/ARM_GCC_Support/ewl/lib/armv6-m\libc.a(strchr.o)
 .bss           0x00000000        0x0 C:/Freescale/CW MCU v10.6.4/MCU/ARM_GCC_Support/ewl/lib/armv6-m\libc.a(strchr.o)
 .text          0x00000000        0x0 C:/Freescale/CW MCU v10.6.4/MCU/ARM_GCC_Support/ewl/lib/armv6-m\libc.a(memcpy.o)
 .data          0x00000000        0x0 C:/Freescale/CW MCU v10.6.4/MCU/ARM_GCC_Support/ewl/lib/armv6-m\libc.a(memcpy.o)
 .bss           0x00000000        0x0 C:/Freescale/CW MCU v10.6.4/MCU/ARM_GCC_Support/ewl/lib/armv6-m\libc.a(memcpy.o)
 .text          0x00000000        0x0 C:/Freescale/CW MCU v10.6.4/MCU/ARM_GCC_Support/ewl/lib/armv6-m\libc.a(strlen.o)
 .data          0x00000000        0x0 C:/Freescale/CW MCU v10.6.4/MCU/ARM_GCC_Support/ewl/lib/armv6-m\libc.a(strlen.o)
 .bss           0x00000000        0x0 C:/Freescale/CW MCU v10.6.4/MCU/ARM_GCC_Support/ewl/lib/armv6-m\libc.a(strlen.o)
 .text          0x00000000        0x0 C:/Freescale/CW MCU v10.6.4/MCU/ARM_GCC_Support/ewl/lib/armv6-m\libc.a(memchr.o)
 .data          0x00000000        0x0 C:/Freescale/CW MCU v10.6.4/MCU/ARM_GCC_Support/ewl/lib/armv6-m\libc.a(memchr.o)
 .bss           0x00000000        0x0 C:/Freescale/CW MCU v10.6.4/MCU/ARM_GCC_Support/ewl/lib/armv6-m\libc.a(memchr.o)
 .data          0x00000000        0x0 c:/freescale/cw mcu v10.6.4/cross_tools/arm-none-eabi-gcc-4_7_3/bin/../lib/gcc/arm-none-eabi/4.7.3/armv6-m\libgcc.a(_thumb1_case_sqi.o)
 .bss           0x00000000        0x0 c:/freescale/cw mcu v10.6.4/cross_tools/arm-none-eabi-gcc-4_7_3/bin/../lib/gcc/arm-none-eabi/4.7.3/armv6-m\libgcc.a(_thumb1_case_sqi.o)
 .data          0x00000000        0x0 c:/freescale/cw mcu v10.6.4/cross_tools/arm-none-eabi-gcc-4_7_3/bin/../lib/gcc/arm-none-eabi/4.7.3/armv6-m\libgcc.a(_thumb1_case_uqi.o)
 .bss           0x00000000        0x0 c:/freescale/cw mcu v10.6.4/cross_tools/arm-none-eabi-gcc-4_7_3/bin/../lib/gcc/arm-none-eabi/4.7.3/armv6-m\libgcc.a(_thumb1_case_uqi.o)
 .data          0x00000000        0x0 c:/freescale/cw mcu v10.6.4/cross_tools/arm-none-eabi-gcc-4_7_3/bin/../lib/gcc/arm-none-eabi/4.7.3/armv6-m\libgcc.a(_udivsi3.o)
 .bss           0x00000000        0x0 c:/freescale/cw mcu v10.6.4/cross_tools/arm-none-eabi-gcc-4_7_3/bin/../lib/gcc/arm-none-eabi/4.7.3/armv6-m\libgcc.a(_udivsi3.o)
 .data          0x00000000        0x0 c:/freescale/cw mcu v10.6.4/cross_tools/arm-none-eabi-gcc-4_7_3/bin/../lib/gcc/arm-none-eabi/4.7.3/armv6-m\libgcc.a(_divsi3.o)
 .bss           0x00000000        0x0 c:/freescale/cw mcu v10.6.4/cross_tools/arm-none-eabi-gcc-4_7_3/bin/../lib/gcc/arm-none-eabi/4.7.3/armv6-m\libgcc.a(_divsi3.o)
 .data          0x00000000        0x0 c:/freescale/cw mcu v10.6.4/cross_tools/arm-none-eabi-gcc-4_7_3/bin/../lib/gcc/arm-none-eabi/4.7.3/armv6-m\libgcc.a(_dvmd_tls.o)
 .bss           0x00000000        0x0 c:/freescale/cw mcu v10.6.4/cross_tools/arm-none-eabi-gcc-4_7_3/bin/../lib/gcc/arm-none-eabi/4.7.3/armv6-m\libgcc.a(_dvmd_tls.o)
 .text          0x00000000        0x0 C:/Freescale/CW MCU v10.6.4/MCU/ARM_GCC_Support/ewl/lib/armv6-m\librt.a(gcc_ctor_dtor.o)
 .data          0x00000000        0x0 C:/Freescale/CW MCU v10.6.4/MCU/ARM_GCC_Support/ewl/lib/armv6-m\librt.a(gcc_ctor_dtor.o)
 .bss           0x00000000        0x0 C:/Freescale/CW MCU v10.6.4/MCU/ARM_GCC_Support/ewl/lib/armv6-m\librt.a(gcc_ctor_dtor.o)
 .bss.__dso_handle
                0x00000000        0x4 C:/Freescale/CW MCU v10.6.4/MCU/ARM_GCC_Support/ewl/lib/armv6-m\librt.a(gcc_ctor_dtor.o)
 .text          0x00000000        0x0 C:/Freescale/CW MCU v10.6.4/MCU/ARM_GCC_Support/ewl/lib/armv6-m\librt.a(__arm_eabi_init.o)
 .data          0x00000000        0x0 C:/Freescale/CW MCU v10.6.4/MCU/ARM_GCC_Support/ewl/lib/armv6-m\librt.a(__arm_eabi_init.o)
 .bss           0x00000000        0x0 C:/Freescale/CW MCU v10.6.4/MCU/ARM_GCC_Support/ewl/lib/armv6-m\librt.a(__arm_eabi_init.o)
 .text.__register_global_object
                0x00000000       0x14 C:/Freescale/CW MCU v10.6.4/MCU/ARM_GCC_Support/ewl/lib/armv6-m\librt.a(__arm_eabi_init.o)
 .text.__cxa_atexit
                0x00000000       0x38 C:/Freescale/CW MCU v10.6.4/MCU/ARM_GCC_Support/ewl/lib/armv6-m\librt.a(__arm_eabi_init.o)
 .text.__aeabi_atexit
                0x00000000        0xe C:/Freescale/CW MCU v10.6.4/MCU/ARM_GCC_Support/ewl/lib/armv6-m\librt.a(__arm_eabi_init.o)
 .text.__register_atexit
                0x00000000        0xc C:/Freescale/CW MCU v10.6.4/MCU/ARM_GCC_Support/ewl/lib/armv6-m\librt.a(__arm_eabi_init.o)
 .text.__init_hardware
                0x00000000        0x4 C:/Freescale/CW MCU v10.6.4/MCU/ARM_GCC_Support/ewl/lib/armv6-m\librt.a(__arm_eabi_init.o)
 .bss.atexit_curr_func
                0x00000000        0x4 C:/Freescale/CW MCU v10.6.4/MCU/ARM_GCC_Support/ewl/lib/armv6-m\librt.a(__arm_eabi_init.o)
 .bss.atexit_funcs
                0x00000000      0x300 C:/Freescale/CW MCU v10.6.4/MCU/ARM_GCC_Support/ewl/lib/armv6-m\librt.a(__arm_eabi_init.o)
 .text          0x00000000        0x0 C:/Freescale/CW MCU v10.6.4/MCU/ARM_GCC_Support/ewl/lib/armv6-m\librt.a(ROMCopy.o)
 .data          0x00000000        0x0 C:/Freescale/CW MCU v10.6.4/MCU/ARM_GCC_Support/ewl/lib/armv6-m\librt.a(ROMCopy.o)
 .bss           0x00000000        0x0 C:/Freescale/CW MCU v10.6.4/MCU/ARM_GCC_Support/ewl/lib/armv6-m\librt.a(ROMCopy.o)
 .text.__flush_cache
                0x00000000        0x2 C:/Freescale/CW MCU v10.6.4/MCU/ARM_GCC_Support/ewl/lib/armv6-m\librt.a(ROMCopy.o)

Memory Configuration

Name             Origin             Length             Attributes
m_interrupts     0x00000000         0x000000c0         xr
m_cfmprotrom     0x00000400         0x00000010         xr
m_text           0x00000800         0x0001f800         xr
m_data           0x1ffff000         0x00004000         xrw
*default*        0x00000000         0xffffffff

Linker script and memory map

LOAD ./Project_Settings/Startup_Code/kinetis_sysinit.o
LOAD ./Project_Settings/Startup_Code/__arm_start.o
LOAD ./Project_Settings/Startup_Code/__arm_end.o
LOAD ./Sources/app/RGB_LEDs.o
LOAD ./Sources/app/Player_Fsm.o
LOAD ./Sources/app/Player.o
LOAD ./Sources/app/Buttons.o
LOAD ./Sources/gsc_scheduler/gsc_sch_core/gsc_sch_core_tick_isr.o
LOAD ./Sources/gsc_scheduler/gsc_sch_core/gsc_sch_core_cfg.o
LOAD ./Sources/gsc_scheduler/gsc_sch_core/gsc_sch_core.o
LOAD ./Sources/gsc_scheduler/periodic_tasks/periodic_tasks_init.o
LOAD ./Sources/gsc_scheduler/periodic_tasks/periodic_tasks_exec.o
LOAD ./Sources/mcl/interrupts.o
LOAD ./Sources/mcl/CrystalClock.o
LOAD ./Sources/mcl/ARM_SysTick.o
LOAD ./Sources/sa_mtb.o
LOAD ./Sources/main.o
                0x00001df8                __pformatter = __pformatter_
                [0x00002220]                __sformatter = __sformatter
START GROUP
LOAD C:/Freescale/CW MCU v10.6.4/MCU/ARM_GCC_Support/ewl/lib/armv6-m\libc.a
LOAD C:/Freescale/CW MCU v10.6.4/MCU/ARM_GCC_Support/ewl/lib/armv6-m\libm.a
LOAD c:/freescale/cw mcu v10.6.4/cross_tools/arm-none-eabi-gcc-4_7_3/bin/../lib/gcc/arm-none-eabi/4.7.3/armv6-m\libgcc.a
LOAD C:/Freescale/CW MCU v10.6.4/MCU/ARM_GCC_Support/ewl/lib/armv6-m\librt.a
LOAD C:/Freescale/CW MCU v10.6.4/MCU/ARM_GCC_Support/ewl/lib/armv6-m\libuart.a
END GROUP
                0x20003000                _estack = 0x20003000
                0x20003000                __SP_INIT = _estack
                0x00000400                __heap_size = 0x400
                0x00000400                __stack_size = 0x400

.interrupts     0x00000000       0xc0
                0x00000000                __vector_table = .
                0x00000000                . = ALIGN (0x4)
 *(.vectortable)
 .vectortable   0x00000000       0xc0 ./Project_Settings/Startup_Code/kinetis_sysinit.o
                0x00000000                InterruptVector
                0x000000c0                . = ALIGN (0x4)

.cfmprotect     0x00000400        0x0
                0x00000400                . = ALIGN (0x4)
 *(.cfmconfig)
                0x00000400                . = ALIGN (0x4)

.text           0x00000800     0x2620
                0x00000800                . = ALIGN (0x4)
 *(.text)
 .text          0x00000800       0x14 c:/freescale/cw mcu v10.6.4/cross_tools/arm-none-eabi-gcc-4_7_3/bin/../lib/gcc/arm-none-eabi/4.7.3/armv6-m\libgcc.a(_thumb1_case_sqi.o)
                0x00000800                __gnu_thumb1_case_sqi
 .text          0x00000814       0x14 c:/freescale/cw mcu v10.6.4/cross_tools/arm-none-eabi-gcc-4_7_3/bin/../lib/gcc/arm-none-eabi/4.7.3/armv6-m\libgcc.a(_thumb1_case_uqi.o)
                0x00000814                __gnu_thumb1_case_uqi
 .text          0x00000828       0x9c c:/freescale/cw mcu v10.6.4/cross_tools/arm-none-eabi-gcc-4_7_3/bin/../lib/gcc/arm-none-eabi/4.7.3/armv6-m\libgcc.a(_udivsi3.o)
                0x00000828                __aeabi_uidiv
                0x00000828                __udivsi3
                0x000008b0                __aeabi_uidivmod
 .text          0x000008c4       0xc0 c:/freescale/cw mcu v10.6.4/cross_tools/arm-none-eabi-gcc-4_7_3/bin/../lib/gcc/arm-none-eabi/4.7.3/armv6-m\libgcc.a(_divsi3.o)
                0x000008c4                __divsi3
                0x000008c4                __aeabi_idiv
                0x00000970                __aeabi_idivmod
 .text          0x00000984        0x4 c:/freescale/cw mcu v10.6.4/cross_tools/arm-none-eabi-gcc-4_7_3/bin/../lib/gcc/arm-none-eabi/4.7.3/armv6-m\libgcc.a(_dvmd_tls.o)
                0x00000984                __aeabi_idiv0
                0x00000984                __aeabi_ldiv0
 *(.text*)
 .text.Default_Handler
                0x00000988        0xc ./Project_Settings/Startup_Code/kinetis_sysinit.o
                0x00000988                RTC_Alarm_IRQHandler
                0x00000988                I2C0_IRQHandler
                0x00000988                HardFault_Handler
                0x00000988                PendSV_Handler
                0x00000988                NMI_Handler
                0x00000988                I2C1_IRQHandler
                0x00000988                UART1_IRQHandler
                0x00000988                DMA2_IRQHandler
                0x00000988                TSI0_IRQHandler
                0x00000988                UART0_IRQHandler
                0x00000988                ADC0_IRQHandler
                0x00000988                SPI1_IRQHandler
                0x00000988                PORTD_IRQHandler
                0x00000988                LPTimer_IRQHandler
                0x00000988                FTM1_IRQHandler
                0x00000988                RTC_Seconds_IRQHandler
                0x00000988                MCG_IRQHandler
                0x00000988                UART2_IRQHandler
                0x00000988                Default_Handler
                0x00000988                LLW_IRQHandler
                0x00000988                PIT_IRQHandler
                0x00000988                SVC_Handler
                0x00000988                USBOTG_IRQHandler
                0x00000988                DMA3_IRQHandler
                0x00000988                DMA0_IRQHandler
                0x00000988                DAC0_IRQHandler
                0x00000988                PMC_IRQHandler
                0x00000988                SPI0_IRQHandler
                0x00000988                FTM0_IRQHandler
                0x00000988                PORTA_IRQHandler
                0x00000988                MCM_IRQHandler
                0x00000988                FTFL_IRQHandler
                0x00000988                FTM2_IRQHandler
                0x00000988                CMP0_IRQHandler
                0x00000988                DMA1_IRQHandler
 .text.__init_hardware
                0x00000994       0x2c ./Project_Settings/Startup_Code/kinetis_sysinit.o
                0x00000994                __init_hardware
 .text.zero_fill_bss
                0x000009c0       0x24 ./Project_Settings/Startup_Code/__arm_start.o
 .text.__thumb_startup
                0x000009e4       0x30 ./Project_Settings/Startup_Code/__arm_start.o
                0x000009e4                __thumb_startup
 .text._ExitProcess
                0x00000a14        0xc ./Project_Settings/Startup_Code/__arm_end.o
                0x00000a14                _ExitProcess
 .text.red_on   0x00000a20       0x14 ./Sources/app/RGB_LEDs.o
                0x00000a20                red_on
 .text.red_off  0x00000a34       0x14 ./Sources/app/RGB_LEDs.o
                0x00000a34                red_off
 .text.green_on
                0x00000a48       0x14 ./Sources/app/RGB_LEDs.o
                0x00000a48                green_on
 .text.green_off
                0x00000a5c       0x14 ./Sources/app/RGB_LEDs.o
                0x00000a5c                green_off
 .text.blue_on  0x00000a70       0x14 ./Sources/app/RGB_LEDs.o
                0x00000a70                blue_on
 .text.blue_off
                0x00000a84       0x14 ./Sources/app/RGB_LEDs.o
                0x00000a84                blue_off
 .text.set_color
                0x00000a98       0x70 ./Sources/app/RGB_LEDs.o
                0x00000a98                set_color
 .text.leds_off
                0x00000b08       0x14 ./Sources/app/RGB_LEDs.o
                0x00000b08                leds_off
 .text.init_leds
                0x00000b1c       0xb8 ./Sources/app/RGB_LEDs.o
                0x00000b1c                init_leds
 .text.PlayPauseReq
                0x00000bd4       0x18 ./Sources/app/Player_Fsm.o
                0x00000bd4                PlayPauseReq
 .text.StopReq  0x00000bec       0x18 ./Sources/app/Player_Fsm.o
                0x00000bec                StopReq
 .text.VolUpReq
                0x00000c04       0x18 ./Sources/app/Player_Fsm.o
                0x00000c04                VolUpReq
 .text.VolDownReq
                0x00000c1c       0x18 ./Sources/app/Player_Fsm.o
                0x00000c1c                VolDownReq
 .text.FwdReq   0x00000c34       0x18 ./Sources/app/Player_Fsm.o
                0x00000c34                FwdReq
 .text.RwdReq   0x00000c4c       0x18 ./Sources/app/Player_Fsm.o
                0x00000c4c                RwdReq
 .text.Player_Fsm
                0x00000c64      0x240 ./Sources/app/Player_Fsm.o
                0x00000c64                Player_Fsm
 .text.Player_Play
                0x00000ea4       0x14 ./Sources/app/Player.o
                0x00000ea4                Player_Play
 .text.Player_Pause
                0x00000eb8       0x14 ./Sources/app/Player.o
                0x00000eb8                Player_Pause
 .text.Player_Stop
                0x00000ecc       0x20 ./Sources/app/Player.o
                0x00000ecc                Player_Stop
 .text.Player_VolUp
                0x00000eec       0x20 ./Sources/app/Player.o
                0x00000eec                Player_VolUp
 .text.Player_VolDown
                0x00000f0c       0x20 ./Sources/app/Player.o
                0x00000f0c                Player_VolDown
 .text.Player_Fwd
                0x00000f2c       0x38 ./Sources/app/Player.o
                0x00000f2c                Player_Fwd
 .text.Player_Rwd
                0x00000f64       0x38 ./Sources/app/Player.o
                0x00000f64                Player_Rwd
 .text.Player_ResetTrack
                0x00000f9c       0x18 ./Sources/app/Player.o
                0x00000f9c                Player_ResetTrack
 .text.Player_Init
                0x00000fb4       0x2c ./Sources/app/Player.o
                0x00000fb4                Player_Init
 .text.Player_ResetPlaylist
                0x00000fe0       0x14 ./Sources/app/Player.o
                0x00000fe0                Player_ResetPlaylist
 .text.Player_Update
                0x00000ff4       0x8c ./Sources/app/Player.o
                0x00000ff4                Player_Update
 .text.InitButtons
                0x00001080       0x74 ./Sources/app/Buttons.o
                0x00001080                InitButtons
 .text.PlayButtonState
                0x000010f4       0x20 ./Sources/app/Buttons.o
                0x000010f4                PlayButtonState
 .text.StopButtonState
                0x00001114       0x20 ./Sources/app/Buttons.o
                0x00001114                StopButtonState
 .text.VolUpButtonState
                0x00001134       0x20 ./Sources/app/Buttons.o
                0x00001134                VolUpButtonState
 .text.VolDownButtonState
                0x00001154       0x20 ./Sources/app/Buttons.o
                0x00001154                VolDownButtonState
 .text.SenseButtons
                0x00001174      0x220 ./Sources/app/Buttons.o
                0x00001174                SenseButtons
 .text.gsc_sch_core_tick_isr
                0x00001394       0x14 ./Sources/gsc_scheduler/gsc_sch_core/gsc_sch_core_tick_isr.o
                0x00001394                gsc_sch_core_tick_isr
 .text.gsc_sch_core_Init
                0x000013a8       0x60 ./Sources/gsc_scheduler/gsc_sch_core/gsc_sch_core.o
                0x000013a8                gsc_sch_core_Init
 .text.gsc_sch_core_exec
                0x00001408      0x11c ./Sources/gsc_scheduler/gsc_sch_core/gsc_sch_core.o
                0x00001408                gsc_sch_core_exec
 .text.periodic_tasks_init_MclDrvs
                0x00001524        0x8 ./Sources/gsc_scheduler/periodic_tasks/periodic_tasks_init.o
                0x00001524                periodic_tasks_init_MclDrvs
 .text.periodic_tasks_init_SysDrvs
                0x0000152c       0x14 ./Sources/gsc_scheduler/periodic_tasks/periodic_tasks_init.o
                0x0000152c                periodic_tasks_init_SysDrvs
 .text.periodic_tasks_init_task_5tks
                0x00001540        0x8 ./Sources/gsc_scheduler/periodic_tasks/periodic_tasks_init.o
                0x00001540                periodic_tasks_init_task_5tks
 .text.periodic_tasks_init_task_10tks
                0x00001548        0x8 ./Sources/gsc_scheduler/periodic_tasks/periodic_tasks_init.o
                0x00001548                periodic_tasks_init_task_10tks
 .text.periodic_tasks_init_task_20tks
                0x00001550        0x8 ./Sources/gsc_scheduler/periodic_tasks/periodic_tasks_init.o
                0x00001550                periodic_tasks_init_task_20tks
 .text.periodic_tasks_init_task_50tks
                0x00001558        0x8 ./Sources/gsc_scheduler/periodic_tasks/periodic_tasks_init.o
                0x00001558                periodic_tasks_init_task_50tks
 .text.periodic_tasks_init_task_100tks
                0x00001560        0x8 ./Sources/gsc_scheduler/periodic_tasks/periodic_tasks_init.o
                0x00001560                periodic_tasks_init_task_100tks
 .text.periodic_tasks_init_task_500tks
                0x00001568        0x8 ./Sources/gsc_scheduler/periodic_tasks/periodic_tasks_init.o
                0x00001568                periodic_tasks_init_task_500tks
 .text.periodic_tasks_init_task_1Mtks
                0x00001570        0x8 ./Sources/gsc_scheduler/periodic_tasks/periodic_tasks_init.o
                0x00001570                periodic_tasks_init_task_1Mtks
 .text.periodic_tasks_exec_5tks
                0x00001578       0x10 ./Sources/gsc_scheduler/periodic_tasks/periodic_tasks_exec.o
                0x00001578                periodic_tasks_exec_5tks
 .text.periodic_tasks_exec_10tks
                0x00001588        0x8 ./Sources/gsc_scheduler/periodic_tasks/periodic_tasks_exec.o
                0x00001588                periodic_tasks_exec_10tks
 .text.periodic_tasks_exec_20tks
                0x00001590        0x8 ./Sources/gsc_scheduler/periodic_tasks/periodic_tasks_exec.o
                0x00001590                periodic_tasks_exec_20tks
 .text.periodic_tasks_exec_50tks
                0x00001598        0x8 ./Sources/gsc_scheduler/periodic_tasks/periodic_tasks_exec.o
                0x00001598                periodic_tasks_exec_50tks
 .text.periodic_tasks_exec_100tks
                0x000015a0        0x8 ./Sources/gsc_scheduler/periodic_tasks/periodic_tasks_exec.o
                0x000015a0                periodic_tasks_exec_100tks
 .text.periodic_tasks_exec_500tks
                0x000015a8        0x8 ./Sources/gsc_scheduler/periodic_tasks/periodic_tasks_exec.o
                0x000015a8                periodic_tasks_exec_500tks
 .text.periodic_tasks_exec_1Mtks
                0x000015b0        0x8 ./Sources/gsc_scheduler/periodic_tasks/periodic_tasks_exec.o
                0x000015b0                periodic_tasks_exec_1Mtks
 .text.InitClock
                0x000015b8       0x24 ./Sources/mcl/CrystalClock.o
                0x000015b8                InitClock
 .text.pll_init
                0x000015dc      0x548 ./Sources/mcl/CrystalClock.o
                0x000015dc                pll_init
 .text.InitSysTick
                0x00001b24       0x1c ./Sources/mcl/ARM_SysTick.o
                0x00001b24                InitSysTick
 .text.main     0x00001b40       0x20 ./Sources/main.o
                0x00001b40                main
 .text.WatchDog_cfg
                0x00001b60       0x1c ./Sources/main.o
                0x00001b60                WatchDog_cfg
 .text.SysTick_Handler
                0x00001b7c       0x1c ./Sources/main.o
                0x00001b7c                SysTick_Handler
 .text.exit     0x00001b98       0x38 C:/Freescale/CW MCU v10.6.4/MCU/ARM_GCC_Support/ewl/lib/armv6-m\libc.a(exit.o)
                0x00001b98                exit
 .text.memset   0x00001bd0        0xc C:/Freescale/CW MCU v10.6.4/MCU/ARM_GCC_Support/ewl/lib/armv6-m\libc.a(memset.o)
                0x00001bd0                memset
 .text.__fill_mem
                0x00001bdc       0x7e C:/Freescale/CW MCU v10.6.4/MCU/ARM_GCC_Support/ewl/lib/armv6-m\libc.a(__filll_mem.o)
                0x00001bdc                __fill_mem
 *fill*         0x00001c5a        0x2 00
 .text.long2str.isra.0
                0x00001c5c      0x19c C:/Freescale/CW MCU v10.6.4/MCU/ARM_GCC_Support/ewl/lib/armv6-m\libc.a(printformat_.o)
 .text.__pformatter_
                0x00001df8      0x428 C:/Freescale/CW MCU v10.6.4/MCU/ARM_GCC_Support/ewl/lib/armv6-m\libc.a(printformat_.o)
                0x00001df8                __pformatter_
 .text.__sformatter
                0x00002220      0x698 C:/Freescale/CW MCU v10.6.4/MCU/ARM_GCC_Support/ewl/lib/armv6-m\libc.a(scanformat_.o)
                0x00002220                __sformatter
 .text.isalpha  0x000028b8       0x20 C:/Freescale/CW MCU v10.6.4/MCU/ARM_GCC_Support/ewl/lib/armv6-m\libc.a(ctype_aeabi.o)
                0x000028b8                isalpha
 .text.isspace  0x000028d8       0x20 C:/Freescale/CW MCU v10.6.4/MCU/ARM_GCC_Support/ewl/lib/armv6-m\libc.a(ctype_aeabi.o)
                0x000028d8                isspace
 .text.toupper  0x000028f8        0xe C:/Freescale/CW MCU v10.6.4/MCU/ARM_GCC_Support/ewl/lib/armv6-m\libc.a(ctype_aeabi.o)
                0x000028f8                toupper
 .text.__strtoul
                0x00002906      0x1ce C:/Freescale/CW MCU v10.6.4/MCU/ARM_GCC_Support/ewl/lib/armv6-m\libc.a(__strtoul.o)
                0x00002906                __strtoul
 .text.strchr   0x00002ad4       0x1e C:/Freescale/CW MCU v10.6.4/MCU/ARM_GCC_Support/ewl/lib/armv6-m\libc.a(strchr.o)
                0x00002ad4                strchr
 .text.memcpy   0x00002af2       0x12 C:/Freescale/CW MCU v10.6.4/MCU/ARM_GCC_Support/ewl/lib/armv6-m\libc.a(memcpy.o)
                0x00002af2                memcpy
 .text.strlen   0x00002b04       0x10 C:/Freescale/CW MCU v10.6.4/MCU/ARM_GCC_Support/ewl/lib/armv6-m\libc.a(strlen.o)
                0x00002b04                strlen
 .text.memchr   0x00002b14       0x1a C:/Freescale/CW MCU v10.6.4/MCU/ARM_GCC_Support/ewl/lib/armv6-m\libc.a(memchr.o)
                0x00002b14                memchr
 *fill*         0x00002b2e        0x2 00
 .text.__init_cpp
                0x00002b30       0x48 C:/Freescale/CW MCU v10.6.4/MCU/ARM_GCC_Support/ewl/lib/armv6-m\librt.a(gcc_ctor_dtor.o)
                0x00002b30                __init_cpp
 .text.__fini_cpp
                0x00002b78       0x34 C:/Freescale/CW MCU v10.6.4/MCU/ARM_GCC_Support/ewl/lib/armv6-m\librt.a(gcc_ctor_dtor.o)
                0x00002b78                __fini_cpp
 .text.__destroy_global_chain
                0x00002bac       0x1c C:/Freescale/CW MCU v10.6.4/MCU/ARM_GCC_Support/ewl/lib/armv6-m\librt.a(__arm_eabi_init.o)
                0x00002bac                __destroy_global_chain
 .text.__init_registers
                0x00002bc8       0x1c C:/Freescale/CW MCU v10.6.4/MCU/ARM_GCC_Support/ewl/lib/armv6-m\librt.a(__arm_eabi_init.o)
                0x00002bc8                __init_registers
 .text.__init_user
                0x00002be4        0x4 C:/Freescale/CW MCU v10.6.4/MCU/ARM_GCC_Support/ewl/lib/armv6-m\librt.a(__arm_eabi_init.o)
                0x00002be4                __init_user
 .text.__copy_rom_section
                0x00002be8       0x48 C:/Freescale/CW MCU v10.6.4/MCU/ARM_GCC_Support/ewl/lib/armv6-m\librt.a(ROMCopy.o)
                0x00002be8                __copy_rom_section
 .text.__copy_rom_sections_to_ram
                0x00002c30       0x34 C:/Freescale/CW MCU v10.6.4/MCU/ARM_GCC_Support/ewl/lib/armv6-m\librt.a(ROMCopy.o)
                0x00002c30                __copy_rom_sections_to_ram
 *(.rodata)
 *(.rodata*)
 .rodata.set_color
                0x00002c64       0x20 ./Sources/app/RGB_LEDs.o
 .rodata.cps_mngTaskList
                0x00002c84       0x90 ./Sources/gsc_scheduler/gsc_sch_core/gsc_sch_core_cfg.o
                0x00002c84                cps_mngTaskList
 .rodata.str1.1
                0x00002d14        0x1 C:/Freescale/CW MCU v10.6.4/MCU/ARM_GCC_Support/ewl/lib/armv6-m\libc.a(printformat_.o)
 .rodata.CSWTCH.20
                0x00002d15        0x5 C:/Freescale/CW MCU v10.6.4/MCU/ARM_GCC_Support/ewl/lib/armv6-m\libc.a(printformat_.o)
 .rodata.CSWTCH.21
                0x00002d1a        0x5 C:/Freescale/CW MCU v10.6.4/MCU/ARM_GCC_Support/ewl/lib/armv6-m\libc.a(printformat_.o)
 .rodata.__aeabi_ctype_table_C
                0x00002d1f      0x101 C:/Freescale/CW MCU v10.6.4/MCU/ARM_GCC_Support/ewl/lib/armv6-m\libc.a(ctype_aeabi.o)
                0x00002d1f                __aeabi_ctype_table_C
 *(.glue_7)
 .glue_7        0x00000000        0x0 linker stubs
 *(.glue_7t)
 .glue_7t       0x00000000        0x0 linker stubs
 *(.eh_frame)
 *(.init)
 *(.fini)
                0x00002e20                . = ALIGN (0x4)
                0x00002e20                _etext = .

.vfp11_veneer   0x00002e20        0x0
 .vfp11_veneer  0x00000000        0x0 linker stubs

.v4_bx          0x00002e20        0x0
 .v4_bx         0x00000000        0x0 linker stubs

.iplt           0x00002e20        0x0
 .iplt          0x00000000        0x0 ./Project_Settings/Startup_Code/kinetis_sysinit.o

.rel.dyn        0x00002e20        0x0
 .rel.iplt      0x00000000        0x0 ./Project_Settings/Startup_Code/kinetis_sysinit.o

.ARM.extab
 *(.ARM.extab* .gnu.linkonce.armextab.*)

.ARM            0x00002e20        0x0
                0x00002e20                __exidx_start = .
 *(.ARM.exidx*)
                0x00002e20                __exidx_end = .

.ctors          0x00002e20        0x0
                0x00002e20                __CTOR_LIST__ = .
 *crtbegin.o(.ctors)
 *(EXCLUDE_FILE(*crtend.o) .ctors)
 *(SORT(.ctors.*))
 *(.ctors)
                0x00002e20                __CTOR_END__ = .

.dtors          0x00002e20        0x0
                0x00002e20                __DTOR_LIST__ = .
 *crtbegin.o(.dtors)
 *(EXCLUDE_FILE(*crtend.o) .dtors)
 *(SORT(.dtors.*))
 *(.dtors)
                0x00002e20                __DTOR_END__ = .

.preinit_array  0x00002e20        0x0
                0x00002e20                PROVIDE (__preinit_array_start, .)
 *(.preinit_array*)
                0x00002e20                PROVIDE (__preinit_array_end, .)

.init_array     0x00002e20        0x0
                0x00002e20                PROVIDE (__init_array_start, .)
 *(SORT(.init_array.*))
 *(.init_array*)
                0x00002e20                PROVIDE (__init_array_end, .)

.fini_array     0x00002e20        0x0
                0x00002e20                PROVIDE (__fini_array_start, .)
 *(SORT(.fini_array.*))
 *(.fini_array*)
                0x00002e20                PROVIDE (__fini_array_end, .)
                0x00002e20                ___ROM_AT = .

.mtb            0x1ffff000        0x0
                0x1ffff000                . = ALIGN (0x8)
                0x1ffff000                _mtb_start = .
 *(.mtb_buf)
                0x1ffff000                . = ALIGN (0x8)
                0x1ffff000                _mtb_end = .

.data           0x1ffff000       0x60 load address 0x00002e20
                0x1ffff000                . = ALIGN (0x4)
                0x1ffff000                _sdata = .
 *(.data)
 *(.data*)
 .data.state.4801
                0x1ffff000        0x1 ./Sources/app/Player_Fsm.o
 *fill*         0x1ffff001        0x3 00
 .data.tracks   0x1ffff004       0x5c ./Sources/app/Player.o
                0x1ffff004                tracks
                0x1ffff060                . = ALIGN (0x4)
                0x1ffff060                _edata = .
                0x00000060                ___data_size = (_edata - _sdata)

.igot.plt       0x1ffff060        0x0 load address 0x00002e80
 .igot.plt      0x00000000        0x0 ./Project_Settings/Startup_Code/kinetis_sysinit.o
                0x1ffff060                . = ALIGN (0x4)

.bss            0x1ffff060       0x50 load address 0x00002e80
                0x1ffff060                __START_BSS = .
                0x1ffff060                PROVIDE (__bss_start__, __START_BSS)
 *(.bss)
 *(.bss*)
 .bss.argv      0x1ffff060        0x4 ./Project_Settings/Startup_Code/__arm_start.o
 .bss.PlayPause
                0x1ffff064        0x1 ./Sources/app/Player_Fsm.o
                0x1ffff064                PlayPause
 .bss.Stop      0x1ffff065        0x1 ./Sources/app/Player_Fsm.o
                0x1ffff065                Stop
 .bss.VolUp     0x1ffff066        0x1 ./Sources/app/Player_Fsm.o
                0x1ffff066                VolUp
 .bss.VolDown   0x1ffff067        0x1 ./Sources/app/Player_Fsm.o
                0x1ffff067                VolDown
 .bss.Fwd       0x1ffff068        0x1 ./Sources/app/Player_Fsm.o
                0x1ffff068                Fwd
 .bss.Rwd       0x1ffff069        0x1 ./Sources/app/Player_Fsm.o
                0x1ffff069                Rwd
 *fill*         0x1ffff06a        0x2 00
 .bss.playTicks.4767
                0x1ffff06c        0x4 ./Sources/app/Buttons.o
 .bss.playActive.4771
                0x1ffff070        0x1 ./Sources/app/Buttons.o
 .bss.stopActive.4772
                0x1ffff071        0x1 ./Sources/app/Buttons.o
 .bss.volDownActive.4773
                0x1ffff072        0x1 ./Sources/app/Buttons.o
 .bss.volUpActive.4774
                0x1ffff073        0x1 ./Sources/app/Buttons.o
 .bss.stopTicks.4768
                0x1ffff074        0x4 ./Sources/app/Buttons.o
 .bss.volUpTicks.4769
                0x1ffff078        0x4 ./Sources/app/Buttons.o
 .bss.volDownTicks.4770
                0x1ffff07c        0x4 ./Sources/app/Buttons.o
 .bss.re_sch_mngExecflag
                0x1ffff080        0x1 ./Sources/gsc_scheduler/gsc_sch_core/gsc_sch_core_tick_isr.o
                0x1ffff080                re_sch_mngExecflag
 *fill*         0x1ffff081        0x3 00
 .bss.sys_tick_counter
                0x1ffff084        0x4 ./Sources/main.o
                0x1ffff084                sys_tick_counter
 .bss.__stdio_exit
                0x1ffff088        0x4 C:/Freescale/CW MCU v10.6.4/MCU/ARM_GCC_Support/ewl/lib/armv6-m\libc.a(exit.o)
                0x1ffff088                __stdio_exit
 .bss.__console_exit
                0x1ffff08c        0x4 C:/Freescale/CW MCU v10.6.4/MCU/ARM_GCC_Support/ewl/lib/armv6-m\libc.a(exit.o)
                0x1ffff08c                __console_exit
 .bss.__global_destructor_chain
                0x1ffff090        0x4 C:/Freescale/CW MCU v10.6.4/MCU/ARM_GCC_Support/ewl/lib/armv6-m\librt.a(__arm_eabi_init.o)
                0x1ffff090                __global_destructor_chain
 .bss.__S_romp  0x1ffff094        0xc C:/Freescale/CW MCU v10.6.4/MCU/ARM_GCC_Support/ewl/lib/armv6-m\librt.a(ROMCopy.o)
 *(COMMON)
 COMMON         0x1ffff0a0        0xc ./Sources/app/Player_Fsm.o
                0x1ffff0a0                PlayerState
 COMMON         0x1ffff0ac        0x2 ./Sources/gsc_scheduler/gsc_sch_core/gsc_sch_core.o
                0x1ffff0ac                rt_curOpMode
                0x1ffff0b0                . = ALIGN (0x4)
 *fill*         0x1ffff0ae        0x2 00
                0x1ffff0b0                __END_BSS = .
                0x1ffff0b0                PROVIDE (__bss_end__, __END_BSS)
                0x00002e80                _romp_at = (___ROM_AT + SIZEOF (.data))

.romp           0x1ffff0b0       0x18 load address 0x00002e80
                0x00002e80                __S_romp = _romp_at
                0x1ffff0b0        0x4 LONG 0x2e20 ___ROM_AT
                0x1ffff0b4        0x4 LONG 0x1ffff000 _sdata
                0x1ffff0b8        0x4 LONG 0x60 ___data_size
                0x1ffff0bc        0x4 LONG 0x0
                0x1ffff0c0        0x4 LONG 0x0
                0x1ffff0c4        0x4 LONG 0x0

._user_heap_stack
                0x1ffff0c8      0x800 load address 0x00002e98
                0x1ffff0c8                . = ALIGN (0x4)
                0x1ffff0c8                PROVIDE (end, .)
                0x1ffff0c8                PROVIDE (_end, .)
                0x1ffff0c8                __heap_addr = .
                0x1ffff4c8                . = (. + __heap_size)
 *fill*         0x1ffff0c8      0x400 00
                0x1ffff8c8                . = (. + __stack_size)
 *fill*         0x1ffff4c8      0x400 00
                0x1ffff8c8                . = ALIGN (0x4)

.ARM.attributes
                0x00000000       0x31
 *(.ARM.attributes)
 .ARM.attributes
                0x00000000       0x31 ./Project_Settings/Startup_Code/kinetis_sysinit.o
 .ARM.attributes
                0x00000031       0x31 ./Project_Settings/Startup_Code/__arm_start.o
 .ARM.attributes
                0x00000062       0x31 ./Project_Settings/Startup_Code/__arm_end.o
 .ARM.attributes
                0x00000093       0x31 ./Sources/app/RGB_LEDs.o
 .ARM.attributes
                0x000000c4       0x31 ./Sources/app/Player_Fsm.o
 .ARM.attributes
                0x000000f5       0x31 ./Sources/app/Player.o
 .ARM.attributes
                0x00000126       0x31 ./Sources/app/Buttons.o
 .ARM.attributes
                0x00000157       0x31 ./Sources/gsc_scheduler/gsc_sch_core/gsc_sch_core_tick_isr.o
 .ARM.attributes
                0x00000188       0x31 ./Sources/gsc_scheduler/gsc_sch_core/gsc_sch_core_cfg.o
 .ARM.attributes
                0x000001b9       0x31 ./Sources/gsc_scheduler/gsc_sch_core/gsc_sch_core.o
 .ARM.attributes
                0x000001ea       0x31 ./Sources/gsc_scheduler/periodic_tasks/periodic_tasks_init.o
 .ARM.attributes
                0x0000021b       0x31 ./Sources/gsc_scheduler/periodic_tasks/periodic_tasks_exec.o
 .ARM.attributes
                0x0000024c       0x31 ./Sources/mcl/CrystalClock.o
 .ARM.attributes
                0x0000027d       0x31 ./Sources/mcl/ARM_SysTick.o
 .ARM.attributes
                0x000002ae       0x31 ./Sources/main.o
 .ARM.attributes
                0x000002df       0x31 C:/Freescale/CW MCU v10.6.4/MCU/ARM_GCC_Support/ewl/lib/armv6-m\libc.a(exit.o)
 .ARM.attributes
                0x00000310       0x31 C:/Freescale/CW MCU v10.6.4/MCU/ARM_GCC_Support/ewl/lib/armv6-m\libc.a(memset.o)
 .ARM.attributes
                0x00000341       0x31 C:/Freescale/CW MCU v10.6.4/MCU/ARM_GCC_Support/ewl/lib/armv6-m\libc.a(__filll_mem.o)
 .ARM.attributes
                0x00000372       0x31 C:/Freescale/CW MCU v10.6.4/MCU/ARM_GCC_Support/ewl/lib/armv6-m\libc.a(printformat_.o)
 .ARM.attributes
                0x000003a3       0x31 C:/Freescale/CW MCU v10.6.4/MCU/ARM_GCC_Support/ewl/lib/armv6-m\libc.a(scanformat_.o)
 .ARM.attributes
                0x000003d4       0x31 C:/Freescale/CW MCU v10.6.4/MCU/ARM_GCC_Support/ewl/lib/armv6-m\libc.a(ctype_aeabi.o)
 .ARM.attributes
                0x00000405       0x31 C:/Freescale/CW MCU v10.6.4/MCU/ARM_GCC_Support/ewl/lib/armv6-m\libc.a(__strtoul.o)
 .ARM.attributes
                0x00000436       0x31 C:/Freescale/CW MCU v10.6.4/MCU/ARM_GCC_Support/ewl/lib/armv6-m\libc.a(strchr.o)
 .ARM.attributes
                0x00000467       0x31 C:/Freescale/CW MCU v10.6.4/MCU/ARM_GCC_Support/ewl/lib/armv6-m\libc.a(memcpy.o)
 .ARM.attributes
                0x00000498       0x31 C:/Freescale/CW MCU v10.6.4/MCU/ARM_GCC_Support/ewl/lib/armv6-m\libc.a(strlen.o)
 .ARM.attributes
                0x000004c9       0x31 C:/Freescale/CW MCU v10.6.4/MCU/ARM_GCC_Support/ewl/lib/armv6-m\libc.a(memchr.o)
 .ARM.attributes
                0x000004fa       0x1e c:/freescale/cw mcu v10.6.4/cross_tools/arm-none-eabi-gcc-4_7_3/bin/../lib/gcc/arm-none-eabi/4.7.3/armv6-m\libgcc.a(_thumb1_case_sqi.o)
 .ARM.attributes
                0x00000518       0x1e c:/freescale/cw mcu v10.6.4/cross_tools/arm-none-eabi-gcc-4_7_3/bin/../lib/gcc/arm-none-eabi/4.7.3/armv6-m\libgcc.a(_thumb1_case_uqi.o)
 .ARM.attributes
                0x00000536       0x1e c:/freescale/cw mcu v10.6.4/cross_tools/arm-none-eabi-gcc-4_7_3/bin/../lib/gcc/arm-none-eabi/4.7.3/armv6-m\libgcc.a(_udivsi3.o)
 .ARM.attributes
                0x00000554       0x1e c:/freescale/cw mcu v10.6.4/cross_tools/arm-none-eabi-gcc-4_7_3/bin/../lib/gcc/arm-none-eabi/4.7.3/armv6-m\libgcc.a(_divsi3.o)
 .ARM.attributes
                0x00000572       0x1e c:/freescale/cw mcu v10.6.4/cross_tools/arm-none-eabi-gcc-4_7_3/bin/../lib/gcc/arm-none-eabi/4.7.3/armv6-m\libgcc.a(_dvmd_tls.o)
 .ARM.attributes
                0x00000590       0x31 C:/Freescale/CW MCU v10.6.4/MCU/ARM_GCC_Support/ewl/lib/armv6-m\librt.a(gcc_ctor_dtor.o)
 .ARM.attributes
                0x000005c1       0x31 C:/Freescale/CW MCU v10.6.4/MCU/ARM_GCC_Support/ewl/lib/armv6-m\librt.a(__arm_eabi_init.o)
 .ARM.attributes
                0x000005f2       0x31 C:/Freescale/CW MCU v10.6.4/MCU/ARM_GCC_Support/ewl/lib/armv6-m\librt.a(ROMCopy.o)
OUTPUT(gsc_sch_MKL25Z128.elf elf32-littlearm)

.debug_info     0x00000000     0x3d41
 .debug_info    0x00000000      0x447 ./Project_Settings/Startup_Code/kinetis_sysinit.o
 .debug_info    0x00000447      0x12a ./Project_Settings/Startup_Code/__arm_start.o
 .debug_info    0x00000571       0x54 ./Project_Settings/Startup_Code/__arm_end.o
 .debug_info    0x000005c5      0x574 ./Sources/app/RGB_LEDs.o
 .debug_info    0x00000b39      0x24d ./Sources/app/Player_Fsm.o
 .debug_info    0x00000d86      0x286 ./Sources/app/Player.o
 .debug_info    0x0000100c      0x2c5 ./Sources/app/Buttons.o
 .debug_info    0x000012d1       0xbb ./Sources/gsc_scheduler/gsc_sch_core/gsc_sch_core_tick_isr.o
 .debug_info    0x0000138c      0x16e ./Sources/gsc_scheduler/gsc_sch_core/gsc_sch_core_cfg.o
 .debug_info    0x000014fa      0x241 ./Sources/gsc_scheduler/gsc_sch_core/gsc_sch_core.o
 .debug_info    0x0000173b      0x1df ./Sources/gsc_scheduler/periodic_tasks/periodic_tasks_init.o
 .debug_info    0x0000191a      0x1b5 ./Sources/gsc_scheduler/periodic_tasks/periodic_tasks_exec.o
 .debug_info    0x00001acf      0x26f ./Sources/mcl/CrystalClock.o
 .debug_info    0x00001d3e       0xe8 ./Sources/mcl/ARM_SysTick.o
 .debug_info    0x00001e26      0x303 ./Sources/main.o
 .debug_info    0x00002129       0xe8 C:/Freescale/CW MCU v10.6.4/MCU/ARM_GCC_Support/ewl/lib/armv6-m\libc.a(exit.o)
 .debug_info    0x00002211       0xec C:/Freescale/CW MCU v10.6.4/MCU/ARM_GCC_Support/ewl/lib/armv6-m\libc.a(memset.o)
 .debug_info    0x000022fd      0x137 C:/Freescale/CW MCU v10.6.4/MCU/ARM_GCC_Support/ewl/lib/armv6-m\libc.a(__filll_mem.o)
 .debug_info    0x00002434      0x50d C:/Freescale/CW MCU v10.6.4/MCU/ARM_GCC_Support/ewl/lib/armv6-m\libc.a(printformat_.o)
 .debug_info    0x00002941      0x568 C:/Freescale/CW MCU v10.6.4/MCU/ARM_GCC_Support/ewl/lib/armv6-m\libc.a(scanformat_.o)
 .debug_info    0x00002ea9      0x313 C:/Freescale/CW MCU v10.6.4/MCU/ARM_GCC_Support/ewl/lib/armv6-m\libc.a(ctype_aeabi.o)
 .debug_info    0x000031bc      0x1d6 C:/Freescale/CW MCU v10.6.4/MCU/ARM_GCC_Support/ewl/lib/armv6-m\libc.a(__strtoul.o)
 .debug_info    0x00003392      0x10b C:/Freescale/CW MCU v10.6.4/MCU/ARM_GCC_Support/ewl/lib/armv6-m\libc.a(strchr.o)
 .debug_info    0x0000349d      0x10f C:/Freescale/CW MCU v10.6.4/MCU/ARM_GCC_Support/ewl/lib/armv6-m\libc.a(memcpy.o)
 .debug_info    0x000035ac       0xea C:/Freescale/CW MCU v10.6.4/MCU/ARM_GCC_Support/ewl/lib/armv6-m\libc.a(strlen.o)
 .debug_info    0x00003696      0x121 C:/Freescale/CW MCU v10.6.4/MCU/ARM_GCC_Support/ewl/lib/armv6-m\libc.a(memchr.o)
 .debug_info    0x000037b7      0x136 C:/Freescale/CW MCU v10.6.4/MCU/ARM_GCC_Support/ewl/lib/armv6-m\librt.a(gcc_ctor_dtor.o)
 .debug_info    0x000038ed      0x2b9 C:/Freescale/CW MCU v10.6.4/MCU/ARM_GCC_Support/ewl/lib/armv6-m\librt.a(__arm_eabi_init.o)
 .debug_info    0x00003ba6      0x19b C:/Freescale/CW MCU v10.6.4/MCU/ARM_GCC_Support/ewl/lib/armv6-m\librt.a(ROMCopy.o)

.debug_abbrev   0x00000000     0x16ed
 .debug_abbrev  0x00000000       0xe7 ./Project_Settings/Startup_Code/kinetis_sysinit.o
 .debug_abbrev  0x000000e7       0x92 ./Project_Settings/Startup_Code/__arm_start.o
 .debug_abbrev  0x00000179       0x4c ./Project_Settings/Startup_Code/__arm_end.o
 .debug_abbrev  0x000001c5      0x13a ./Sources/app/RGB_LEDs.o
 .debug_abbrev  0x000002ff       0xc4 ./Sources/app/Player_Fsm.o
 .debug_abbrev  0x000003c3       0xc5 ./Sources/app/Player.o
 .debug_abbrev  0x00000488       0xe1 ./Sources/app/Buttons.o
 .debug_abbrev  0x00000569       0x78 ./Sources/gsc_scheduler/gsc_sch_core/gsc_sch_core_tick_isr.o
 .debug_abbrev  0x000005e1       0xa1 ./Sources/gsc_scheduler/gsc_sch_core/gsc_sch_core_cfg.o
 .debug_abbrev  0x00000682       0xdf ./Sources/gsc_scheduler/gsc_sch_core/gsc_sch_core.o
 .debug_abbrev  0x00000761       0x8d ./Sources/gsc_scheduler/periodic_tasks/periodic_tasks_init.o
 .debug_abbrev  0x000007ee       0x8d ./Sources/gsc_scheduler/periodic_tasks/periodic_tasks_exec.o
 .debug_abbrev  0x0000087b       0xea ./Sources/mcl/CrystalClock.o
 .debug_abbrev  0x00000965       0x92 ./Sources/mcl/ARM_SysTick.o
 .debug_abbrev  0x000009f7       0xc8 ./Sources/main.o
 .debug_abbrev  0x00000abf       0x7a C:/Freescale/CW MCU v10.6.4/MCU/ARM_GCC_Support/ewl/lib/armv6-m\libc.a(exit.o)
 .debug_abbrev  0x00000b39       0x62 C:/Freescale/CW MCU v10.6.4/MCU/ARM_GCC_Support/ewl/lib/armv6-m\libc.a(memset.o)
 .debug_abbrev  0x00000b9b       0x78 C:/Freescale/CW MCU v10.6.4/MCU/ARM_GCC_Support/ewl/lib/armv6-m\libc.a(__filll_mem.o)
 .debug_abbrev  0x00000c13      0x200 C:/Freescale/CW MCU v10.6.4/MCU/ARM_GCC_Support/ewl/lib/armv6-m\libc.a(printformat_.o)
 .debug_abbrev  0x00000e13      0x1f0 C:/Freescale/CW MCU v10.6.4/MCU/ARM_GCC_Support/ewl/lib/armv6-m\libc.a(scanformat_.o)
 .debug_abbrev  0x00001003       0x9e C:/Freescale/CW MCU v10.6.4/MCU/ARM_GCC_Support/ewl/lib/armv6-m\libc.a(ctype_aeabi.o)
 .debug_abbrev  0x000010a1       0xc2 C:/Freescale/CW MCU v10.6.4/MCU/ARM_GCC_Support/ewl/lib/armv6-m\libc.a(__strtoul.o)
 .debug_abbrev  0x00001163       0x7a C:/Freescale/CW MCU v10.6.4/MCU/ARM_GCC_Support/ewl/lib/armv6-m\libc.a(strchr.o)
 .debug_abbrev  0x000011dd       0x95 C:/Freescale/CW MCU v10.6.4/MCU/ARM_GCC_Support/ewl/lib/armv6-m\libc.a(memcpy.o)
 .debug_abbrev  0x00001272       0x7a C:/Freescale/CW MCU v10.6.4/MCU/ARM_GCC_Support/ewl/lib/armv6-m\libc.a(strlen.o)
 .debug_abbrev  0x000012ec       0x95 C:/Freescale/CW MCU v10.6.4/MCU/ARM_GCC_Support/ewl/lib/armv6-m\libc.a(memchr.o)
 .debug_abbrev  0x00001381       0x99 C:/Freescale/CW MCU v10.6.4/MCU/ARM_GCC_Support/ewl/lib/armv6-m\librt.a(gcc_ctor_dtor.o)
 .debug_abbrev  0x0000141a      0x1b3 C:/Freescale/CW MCU v10.6.4/MCU/ARM_GCC_Support/ewl/lib/armv6-m\librt.a(__arm_eabi_init.o)
 .debug_abbrev  0x000015cd      0x120 C:/Freescale/CW MCU v10.6.4/MCU/ARM_GCC_Support/ewl/lib/armv6-m\librt.a(ROMCopy.o)

.debug_loc      0x00000000     0x32a3
 .debug_loc     0x00000000       0x58 ./Project_Settings/Startup_Code/kinetis_sysinit.o
 .debug_loc     0x00000058       0x2c ./Project_Settings/Startup_Code/__arm_start.o
 .debug_loc     0x00000084       0x38 ./Project_Settings/Startup_Code/__arm_end.o
 .debug_loc     0x000000bc      0x254 ./Sources/app/RGB_LEDs.o
 .debug_loc     0x00000310      0x134 ./Sources/app/Player_Fsm.o
 .debug_loc     0x00000444      0x1f0 ./Sources/app/Player.o
 .debug_loc     0x00000634      0x108 ./Sources/app/Buttons.o
 .debug_loc     0x0000073c       0x2c ./Sources/gsc_scheduler/gsc_sch_core/gsc_sch_core_tick_isr.o
 .debug_loc     0x00000768       0x70 ./Sources/gsc_scheduler/gsc_sch_core/gsc_sch_core.o
 .debug_loc     0x000007d8      0x18c ./Sources/gsc_scheduler/periodic_tasks/periodic_tasks_init.o
 .debug_loc     0x00000964      0x134 ./Sources/gsc_scheduler/periodic_tasks/periodic_tasks_exec.o
 .debug_loc     0x00000a98       0x70 ./Sources/mcl/CrystalClock.o
 .debug_loc     0x00000b08       0x2c ./Sources/mcl/ARM_SysTick.o
 .debug_loc     0x00000b34       0x84 ./Sources/main.o
 .debug_loc     0x00000bb8       0x3e C:/Freescale/CW MCU v10.6.4/MCU/ARM_GCC_Support/ewl/lib/armv6-m\libc.a(exit.o)
 .debug_loc     0x00000bf6       0x6f C:/Freescale/CW MCU v10.6.4/MCU/ARM_GCC_Support/ewl/lib/armv6-m\libc.a(memset.o)
 .debug_loc     0x00000c65      0x14a C:/Freescale/CW MCU v10.6.4/MCU/ARM_GCC_Support/ewl/lib/armv6-m\libc.a(__filll_mem.o)
 .debug_loc     0x00000daf     0x104b C:/Freescale/CW MCU v10.6.4/MCU/ARM_GCC_Support/ewl/lib/armv6-m\libc.a(printformat_.o)
 .debug_loc     0x00001dfa      0x9d8 C:/Freescale/CW MCU v10.6.4/MCU/ARM_GCC_Support/ewl/lib/armv6-m\libc.a(scanformat_.o)
 .debug_loc     0x000027d2      0x30d C:/Freescale/CW MCU v10.6.4/MCU/ARM_GCC_Support/ewl/lib/armv6-m\libc.a(ctype_aeabi.o)
 .debug_loc     0x00002adf      0x305 C:/Freescale/CW MCU v10.6.4/MCU/ARM_GCC_Support/ewl/lib/armv6-m\libc.a(__strtoul.o)
 .debug_loc     0x00002de4       0xaf C:/Freescale/CW MCU v10.6.4/MCU/ARM_GCC_Support/ewl/lib/armv6-m\libc.a(strchr.o)
 .debug_loc     0x00002e93       0x59 C:/Freescale/CW MCU v10.6.4/MCU/ARM_GCC_Support/ewl/lib/armv6-m\libc.a(memcpy.o)
 .debug_loc     0x00002eec       0x33 C:/Freescale/CW MCU v10.6.4/MCU/ARM_GCC_Support/ewl/lib/armv6-m\libc.a(strlen.o)
 .debug_loc     0x00002f1f       0x77 C:/Freescale/CW MCU v10.6.4/MCU/ARM_GCC_Support/ewl/lib/armv6-m\libc.a(memchr.o)
 .debug_loc     0x00002f96       0x9d C:/Freescale/CW MCU v10.6.4/MCU/ARM_GCC_Support/ewl/lib/armv6-m\librt.a(gcc_ctor_dtor.o)
 .debug_loc     0x00003033      0x197 C:/Freescale/CW MCU v10.6.4/MCU/ARM_GCC_Support/ewl/lib/armv6-m\librt.a(__arm_eabi_init.o)
 .debug_loc     0x000031ca       0xd9 C:/Freescale/CW MCU v10.6.4/MCU/ARM_GCC_Support/ewl/lib/armv6-m\librt.a(ROMCopy.o)

.debug_aranges  0x00000000      0x608
 .debug_aranges
                0x00000000       0x28 ./Project_Settings/Startup_Code/kinetis_sysinit.o
 .debug_aranges
                0x00000028       0x30 ./Project_Settings/Startup_Code/__arm_start.o
 .debug_aranges
                0x00000058       0x20 ./Project_Settings/Startup_Code/__arm_end.o
 .debug_aranges
                0x00000078       0x80 ./Sources/app/RGB_LEDs.o
 .debug_aranges
                0x000000f8       0x50 ./Sources/app/Player_Fsm.o
 .debug_aranges
                0x00000148       0x70 ./Sources/app/Player.o
 .debug_aranges
                0x000001b8       0x48 ./Sources/app/Buttons.o
 .debug_aranges
                0x00000200       0x20 ./Sources/gsc_scheduler/gsc_sch_core/gsc_sch_core_tick_isr.o
 .debug_aranges
                0x00000220       0x18 ./Sources/gsc_scheduler/gsc_sch_core/gsc_sch_core_cfg.o
 .debug_aranges
                0x00000238       0x28 ./Sources/gsc_scheduler/gsc_sch_core/gsc_sch_core.o
 .debug_aranges
                0x00000260       0x60 ./Sources/gsc_scheduler/periodic_tasks/periodic_tasks_init.o
 .debug_aranges
                0x000002c0       0x50 ./Sources/gsc_scheduler/periodic_tasks/periodic_tasks_exec.o
 .debug_aranges
                0x00000310       0x28 ./Sources/mcl/CrystalClock.o
 .debug_aranges
                0x00000338       0x20 ./Sources/mcl/ARM_SysTick.o
 .debug_aranges
                0x00000358       0x30 ./Sources/main.o
 .debug_aranges
                0x00000388       0x20 C:/Freescale/CW MCU v10.6.4/MCU/ARM_GCC_Support/ewl/lib/armv6-m\libc.a(exit.o)
 .debug_aranges
                0x000003a8       0x20 C:/Freescale/CW MCU v10.6.4/MCU/ARM_GCC_Support/ewl/lib/armv6-m\libc.a(memset.o)
 .debug_aranges
                0x000003c8       0x20 C:/Freescale/CW MCU v10.6.4/MCU/ARM_GCC_Support/ewl/lib/armv6-m\libc.a(__filll_mem.o)
 .debug_aranges
                0x000003e8       0x28 C:/Freescale/CW MCU v10.6.4/MCU/ARM_GCC_Support/ewl/lib/armv6-m\libc.a(printformat_.o)
 .debug_aranges
                0x00000410       0x20 C:/Freescale/CW MCU v10.6.4/MCU/ARM_GCC_Support/ewl/lib/armv6-m\libc.a(scanformat_.o)
 .debug_aranges
                0x00000430       0x88 C:/Freescale/CW MCU v10.6.4/MCU/ARM_GCC_Support/ewl/lib/armv6-m\libc.a(ctype_aeabi.o)
 .debug_aranges
                0x000004b8       0x20 C:/Freescale/CW MCU v10.6.4/MCU/ARM_GCC_Support/ewl/lib/armv6-m\libc.a(__strtoul.o)
 .debug_aranges
                0x000004d8       0x20 C:/Freescale/CW MCU v10.6.4/MCU/ARM_GCC_Support/ewl/lib/armv6-m\libc.a(strchr.o)
 .debug_aranges
                0x000004f8       0x20 C:/Freescale/CW MCU v10.6.4/MCU/ARM_GCC_Support/ewl/lib/armv6-m\libc.a(memcpy.o)
 .debug_aranges
                0x00000518       0x20 C:/Freescale/CW MCU v10.6.4/MCU/ARM_GCC_Support/ewl/lib/armv6-m\libc.a(strlen.o)
 .debug_aranges
                0x00000538       0x20 C:/Freescale/CW MCU v10.6.4/MCU/ARM_GCC_Support/ewl/lib/armv6-m\libc.a(memchr.o)
 .debug_aranges
                0x00000558       0x28 C:/Freescale/CW MCU v10.6.4/MCU/ARM_GCC_Support/ewl/lib/armv6-m\librt.a(gcc_ctor_dtor.o)
 .debug_aranges
                0x00000580       0x58 C:/Freescale/CW MCU v10.6.4/MCU/ARM_GCC_Support/ewl/lib/armv6-m\librt.a(__arm_eabi_init.o)
 .debug_aranges
                0x000005d8       0x30 C:/Freescale/CW MCU v10.6.4/MCU/ARM_GCC_Support/ewl/lib/armv6-m\librt.a(ROMCopy.o)

.debug_macinfo  0x00000000   0x1fa207
 .debug_macinfo
                0x00000000    0x264b5 ./Project_Settings/Startup_Code/kinetis_sysinit.o
 .debug_macinfo
                0x000264b5     0x3e6d ./Project_Settings/Startup_Code/__arm_start.o
 .debug_macinfo
                0x0002a322     0x3456 ./Project_Settings/Startup_Code/__arm_end.o
 .debug_macinfo
                0x0002d778    0x26780 ./Sources/app/RGB_LEDs.o
 .debug_macinfo
                0x00053ef8    0x265fe ./Sources/app/Player_Fsm.o
 .debug_macinfo
                0x0007a4f6    0x26610 ./Sources/app/Player.o
 .debug_macinfo
                0x000a0b06    0x26610 ./Sources/app/Buttons.o
 .debug_macinfo
                0x000c7116    0x265e6 ./Sources/gsc_scheduler/gsc_sch_core/gsc_sch_core_tick_isr.o
 .debug_macinfo
                0x000ed6fc    0x266c8 ./Sources/gsc_scheduler/gsc_sch_core/gsc_sch_core_cfg.o
 .debug_macinfo
                0x00113dc4    0x266ad ./Sources/gsc_scheduler/gsc_sch_core/gsc_sch_core.o
 .debug_macinfo
                0x0013a471    0x26667 ./Sources/gsc_scheduler/periodic_tasks/periodic_tasks_init.o
 .debug_macinfo
                0x00160ad8    0x26667 ./Sources/gsc_scheduler/periodic_tasks/periodic_tasks_exec.o
 .debug_macinfo
                0x0018713f    0x265be ./Sources/mcl/CrystalClock.o
 .debug_macinfo
                0x001ad6fd    0x264ff ./Sources/mcl/ARM_SysTick.o
 .debug_macinfo
                0x001d3bfc    0x2660b ./Sources/main.o

.debug_line     0x00000000     0x36b2
 .debug_line    0x00000000      0x214 ./Project_Settings/Startup_Code/kinetis_sysinit.o
 .debug_line    0x00000214      0x297 ./Project_Settings/Startup_Code/__arm_start.o
 .debug_line    0x000004ab      0x26e ./Project_Settings/Startup_Code/__arm_end.o
 .debug_line    0x00000719      0x333 ./Sources/app/RGB_LEDs.o
 .debug_line    0x00000a4c      0x311 ./Sources/app/Player_Fsm.o
 .debug_line    0x00000d5d      0x2d2 ./Sources/app/Player.o
 .debug_line    0x0000102f      0x28f ./Sources/app/Buttons.o
 .debug_line    0x000012be      0x236 ./Sources/gsc_scheduler/gsc_sch_core/gsc_sch_core_tick_isr.o
 .debug_line    0x000014f4      0x284 ./Sources/gsc_scheduler/gsc_sch_core/gsc_sch_core_cfg.o
 .debug_line    0x00001778      0x279 ./Sources/gsc_scheduler/gsc_sch_core/gsc_sch_core.o
 .debug_line    0x000019f1      0x380 ./Sources/gsc_scheduler/periodic_tasks/periodic_tasks_init.o
 .debug_line    0x00001d71      0x35d ./Sources/gsc_scheduler/periodic_tasks/periodic_tasks_exec.o
 .debug_line    0x000020ce      0x29a ./Sources/mcl/CrystalClock.o
 .debug_line    0x00002368      0x1fb ./Sources/mcl/ARM_SysTick.o
 .debug_line    0x00002563      0x273 ./Sources/main.o
 .debug_line    0x000027d6       0x8d C:/Freescale/CW MCU v10.6.4/MCU/ARM_GCC_Support/ewl/lib/armv6-m\libc.a(exit.o)
 .debug_line    0x00002863       0x90 C:/Freescale/CW MCU v10.6.4/MCU/ARM_GCC_Support/ewl/lib/armv6-m\libc.a(memset.o)
 .debug_line    0x000028f3       0xf6 C:/Freescale/CW MCU v10.6.4/MCU/ARM_GCC_Support/ewl/lib/armv6-m\libc.a(__filll_mem.o)
 .debug_line    0x000029e9      0x2c3 C:/Freescale/CW MCU v10.6.4/MCU/ARM_GCC_Support/ewl/lib/armv6-m\libc.a(printformat_.o)
 .debug_line    0x00002cac      0x2be C:/Freescale/CW MCU v10.6.4/MCU/ARM_GCC_Support/ewl/lib/armv6-m\libc.a(scanformat_.o)
 .debug_line    0x00002f6a      0x1be C:/Freescale/CW MCU v10.6.4/MCU/ARM_GCC_Support/ewl/lib/armv6-m\libc.a(ctype_aeabi.o)
 .debug_line    0x00003128      0x11e C:/Freescale/CW MCU v10.6.4/MCU/ARM_GCC_Support/ewl/lib/armv6-m\libc.a(__strtoul.o)
 .debug_line    0x00003246       0x7d C:/Freescale/CW MCU v10.6.4/MCU/ARM_GCC_Support/ewl/lib/armv6-m\libc.a(strchr.o)
 .debug_line    0x000032c3       0x8b C:/Freescale/CW MCU v10.6.4/MCU/ARM_GCC_Support/ewl/lib/armv6-m\libc.a(memcpy.o)
 .debug_line    0x0000334e       0x85 C:/Freescale/CW MCU v10.6.4/MCU/ARM_GCC_Support/ewl/lib/armv6-m\libc.a(strlen.o)
 .debug_line    0x000033d3       0x9f C:/Freescale/CW MCU v10.6.4/MCU/ARM_GCC_Support/ewl/lib/armv6-m\libc.a(memchr.o)
 .debug_line    0x00003472       0x6c C:/Freescale/CW MCU v10.6.4/MCU/ARM_GCC_Support/ewl/lib/armv6-m\librt.a(gcc_ctor_dtor.o)
 .debug_line    0x000034de      0x117 C:/Freescale/CW MCU v10.6.4/MCU/ARM_GCC_Support/ewl/lib/armv6-m\librt.a(__arm_eabi_init.o)
 .debug_line    0x000035f5       0xbd C:/Freescale/CW MCU v10.6.4/MCU/ARM_GCC_Support/ewl/lib/armv6-m\librt.a(ROMCopy.o)

.debug_str      0x00000000     0x15d3
 .debug_str     0x00000000      0x291 ./Project_Settings/Startup_Code/kinetis_sysinit.o
                                0x2b8 (size before relaxing)
 .debug_str     0x00000291       0x85 ./Project_Settings/Startup_Code/__arm_start.o
                                0x192 (size before relaxing)
 .debug_str     0x00000316       0x41 ./Project_Settings/Startup_Code/__arm_end.o
                                 0xc9 (size before relaxing)
 .debug_str     0x00000357      0x170 ./Sources/app/RGB_LEDs.o
                                0x36f (size before relaxing)
 .debug_str     0x000004c7       0xcc ./Sources/app/Player_Fsm.o
                                0x207 (size before relaxing)
 .debug_str     0x00000593       0xb7 ./Sources/app/Player.o
                                0x27f (size before relaxing)
 .debug_str     0x0000064a       0xd2 ./Sources/app/Buttons.o
                                0x26a (size before relaxing)
 .debug_str     0x0000071c       0x86 ./Sources/gsc_scheduler/gsc_sch_core/gsc_sch_core_tick_isr.o
                                0x18e (size before relaxing)
 .debug_str     0x000007a2      0x14f ./Sources/gsc_scheduler/gsc_sch_core/gsc_sch_core_cfg.o
                                0x25f (size before relaxing)
 .debug_str     0x000008f1       0xac ./Sources/gsc_scheduler/gsc_sch_core/gsc_sch_core.o
                                0x304 (size before relaxing)
 .debug_str     0x0000099d      0x150 ./Sources/gsc_scheduler/periodic_tasks/periodic_tasks_init.o
                                0x2c5 (size before relaxing)
 .debug_str     0x00000aed       0xf5 ./Sources/gsc_scheduler/periodic_tasks/periodic_tasks_exec.o
                                0x26a (size before relaxing)
 .debug_str     0x00000be2       0xc5 ./Sources/mcl/CrystalClock.o
                                0x1de (size before relaxing)
 .debug_str     0x00000ca7       0x50 ./Sources/mcl/ARM_SysTick.o
                                0x154 (size before relaxing)
 .debug_str     0x00000cf7       0x45 ./Sources/main.o
                                0x244 (size before relaxing)
 .debug_str     0x00000d3c       0x5a C:/Freescale/CW MCU v10.6.4/MCU/ARM_GCC_Support/ewl/lib/armv6-m\libc.a(exit.o)
                                0x157 (size before relaxing)
 .debug_str     0x00000d96       0x23 C:/Freescale/CW MCU v10.6.4/MCU/ARM_GCC_Support/ewl/lib/armv6-m\libc.a(memset.o)
                                0x140 (size before relaxing)
 .debug_str     0x00000db9       0x2d C:/Freescale/CW MCU v10.6.4/MCU/ARM_GCC_Support/ewl/lib/armv6-m\libc.a(__filll_mem.o)
                                0x152 (size before relaxing)
 .debug_str     0x00000de6      0x23c C:/Freescale/CW MCU v10.6.4/MCU/ARM_GCC_Support/ewl/lib/armv6-m\libc.a(printformat_.o)
                                0x3b3 (size before relaxing)
 .debug_str     0x00001022      0x184 C:/Freescale/CW MCU v10.6.4/MCU/ARM_GCC_Support/ewl/lib/armv6-m\libc.a(scanformat_.o)
                                0x3f9 (size before relaxing)
 .debug_str     0x000011a6       0x9d C:/Freescale/CW MCU v10.6.4/MCU/ARM_GCC_Support/ewl/lib/armv6-m\libc.a(ctype_aeabi.o)
                                0x1bc (size before relaxing)
 .debug_str     0x00001243       0x61 C:/Freescale/CW MCU v10.6.4/MCU/ARM_GCC_Support/ewl/lib/armv6-m\libc.a(__strtoul.o)
                                0x1fb (size before relaxing)
 .debug_str     0x000012a4       0x1c C:/Freescale/CW MCU v10.6.4/MCU/ARM_GCC_Support/ewl/lib/armv6-m\libc.a(strchr.o)
                                0x137 (size before relaxing)
 .debug_str     0x000012c0       0x1c C:/Freescale/CW MCU v10.6.4/MCU/ARM_GCC_Support/ewl/lib/armv6-m\libc.a(memcpy.o)
                                0x138 (size before relaxing)
 .debug_str     0x000012dc       0x1c C:/Freescale/CW MCU v10.6.4/MCU/ARM_GCC_Support/ewl/lib/armv6-m\libc.a(strlen.o)
                                0x140 (size before relaxing)
 .debug_str     0x000012f8       0x1c C:/Freescale/CW MCU v10.6.4/MCU/ARM_GCC_Support/ewl/lib/armv6-m\libc.a(memchr.o)
                                0x148 (size before relaxing)
 .debug_str     0x00001314      0x126 C:/Freescale/CW MCU v10.6.4/MCU/ARM_GCC_Support/ewl/lib/armv6-m\librt.a(gcc_ctor_dtor.o)
                                0x181 (size before relaxing)
 .debug_str     0x0000143a       0xf8 C:/Freescale/CW MCU v10.6.4/MCU/ARM_GCC_Support/ewl/lib/armv6-m\librt.a(__arm_eabi_init.o)
                                0x1b5 (size before relaxing)
 .debug_str     0x00001532       0xa1 C:/Freescale/CW MCU v10.6.4/MCU/ARM_GCC_Support/ewl/lib/armv6-m\librt.a(ROMCopy.o)
                                0x13c (size before relaxing)

.comment        0x00000000       0x79
 .comment       0x00000000       0x79 ./Project_Settings/Startup_Code/kinetis_sysinit.o
                                 0x7a (size before relaxing)
 .comment       0x00000000       0x7a ./Project_Settings/Startup_Code/__arm_start.o
 .comment       0x00000000       0x7a ./Project_Settings/Startup_Code/__arm_end.o
 .comment       0x00000000       0x7a ./Sources/app/RGB_LEDs.o
 .comment       0x00000000       0x7a ./Sources/app/Player_Fsm.o
 .comment       0x00000000       0x7a ./Sources/app/Player.o
 .comment       0x00000000       0x7a ./Sources/app/Buttons.o
 .comment       0x00000000       0x7a ./Sources/gsc_scheduler/gsc_sch_core/gsc_sch_core_tick_isr.o
 .comment       0x00000000       0x7a ./Sources/gsc_scheduler/gsc_sch_core/gsc_sch_core_cfg.o
 .comment       0x00000000       0x7a ./Sources/gsc_scheduler/gsc_sch_core/gsc_sch_core.o
 .comment       0x00000000       0x7a ./Sources/gsc_scheduler/periodic_tasks/periodic_tasks_init.o
 .comment       0x00000000       0x7a ./Sources/gsc_scheduler/periodic_tasks/periodic_tasks_exec.o
 .comment       0x00000000       0x7a ./Sources/mcl/CrystalClock.o
 .comment       0x00000000       0x7a ./Sources/mcl/ARM_SysTick.o
 .comment       0x00000000       0x7a ./Sources/main.o
 .comment       0x00000000       0x7a C:/Freescale/CW MCU v10.6.4/MCU/ARM_GCC_Support/ewl/lib/armv6-m\libc.a(exit.o)
 .comment       0x00000000       0x7a C:/Freescale/CW MCU v10.6.4/MCU/ARM_GCC_Support/ewl/lib/armv6-m\libc.a(memset.o)
 .comment       0x00000000       0x7a C:/Freescale/CW MCU v10.6.4/MCU/ARM_GCC_Support/ewl/lib/armv6-m\libc.a(__filll_mem.o)
 .comment       0x00000000       0x7a C:/Freescale/CW MCU v10.6.4/MCU/ARM_GCC_Support/ewl/lib/armv6-m\libc.a(printformat_.o)
 .comment       0x00000000       0x7a C:/Freescale/CW MCU v10.6.4/MCU/ARM_GCC_Support/ewl/lib/armv6-m\libc.a(scanformat_.o)
 .comment       0x00000000       0x7a C:/Freescale/CW MCU v10.6.4/MCU/ARM_GCC_Support/ewl/lib/armv6-m\libc.a(ctype_aeabi.o)
 .comment       0x00000000       0x7a C:/Freescale/CW MCU v10.6.4/MCU/ARM_GCC_Support/ewl/lib/armv6-m\libc.a(__strtoul.o)
 .comment       0x00000000       0x7a C:/Freescale/CW MCU v10.6.4/MCU/ARM_GCC_Support/ewl/lib/armv6-m\libc.a(strchr.o)
 .comment       0x00000000       0x7a C:/Freescale/CW MCU v10.6.4/MCU/ARM_GCC_Support/ewl/lib/armv6-m\libc.a(memcpy.o)
 .comment       0x00000000       0x7a C:/Freescale/CW MCU v10.6.4/MCU/ARM_GCC_Support/ewl/lib/armv6-m\libc.a(strlen.o)
 .comment       0x00000000       0x7a C:/Freescale/CW MCU v10.6.4/MCU/ARM_GCC_Support/ewl/lib/armv6-m\libc.a(memchr.o)
 .comment       0x00000000       0x7a C:/Freescale/CW MCU v10.6.4/MCU/ARM_GCC_Support/ewl/lib/armv6-m\librt.a(gcc_ctor_dtor.o)
 .comment       0x00000000       0x7a C:/Freescale/CW MCU v10.6.4/MCU/ARM_GCC_Support/ewl/lib/armv6-m\librt.a(__arm_eabi_init.o)
 .comment       0x00000000       0x7a C:/Freescale/CW MCU v10.6.4/MCU/ARM_GCC_Support/ewl/lib/armv6-m\librt.a(ROMCopy.o)

.debug_frame    0x00000000      0xd18
 .debug_frame   0x00000000       0x48 ./Project_Settings/Startup_Code/kinetis_sysinit.o
 .debug_frame   0x00000048       0x4c ./Project_Settings/Startup_Code/__arm_start.o
 .debug_frame   0x00000094       0x30 ./Project_Settings/Startup_Code/__arm_end.o
 .debug_frame   0x000000c4      0x184 ./Sources/app/RGB_LEDs.o
 .debug_frame   0x00000248       0xd4 ./Sources/app/Player_Fsm.o
 .debug_frame   0x0000031c      0x148 ./Sources/app/Player.o
 .debug_frame   0x00000464       0xb8 ./Sources/app/Buttons.o
 .debug_frame   0x0000051c       0x2c ./Sources/gsc_scheduler/gsc_sch_core/gsc_sch_core_tick_isr.o
 .debug_frame   0x00000548       0x50 ./Sources/gsc_scheduler/gsc_sch_core/gsc_sch_core.o
 .debug_frame   0x00000598      0x10c ./Sources/gsc_scheduler/periodic_tasks/periodic_tasks_init.o
 .debug_frame   0x000006a4       0xd4 ./Sources/gsc_scheduler/periodic_tasks/periodic_tasks_exec.o
 .debug_frame   0x00000778       0x50 ./Sources/mcl/CrystalClock.o
 .debug_frame   0x000007c8       0x2c ./Sources/mcl/ARM_SysTick.o
 .debug_frame   0x000007f4       0x64 ./Sources/main.o
 .debug_frame   0x00000858       0x2c C:/Freescale/CW MCU v10.6.4/MCU/ARM_GCC_Support/ewl/lib/armv6-m\libc.a(exit.o)
 .debug_frame   0x00000884       0x28 C:/Freescale/CW MCU v10.6.4/MCU/ARM_GCC_Support/ewl/lib/armv6-m\libc.a(memset.o)
 .debug_frame   0x000008ac       0x2c C:/Freescale/CW MCU v10.6.4/MCU/ARM_GCC_Support/ewl/lib/armv6-m\libc.a(__filll_mem.o)
 .debug_frame   0x000008d8       0x54 C:/Freescale/CW MCU v10.6.4/MCU/ARM_GCC_Support/ewl/lib/armv6-m\libc.a(printformat_.o)
 .debug_frame   0x0000092c       0x34 C:/Freescale/CW MCU v10.6.4/MCU/ARM_GCC_Support/ewl/lib/armv6-m\libc.a(scanformat_.o)
 .debug_frame   0x00000960      0x158 C:/Freescale/CW MCU v10.6.4/MCU/ARM_GCC_Support/ewl/lib/armv6-m\libc.a(ctype_aeabi.o)
 .debug_frame   0x00000ab8       0x30 C:/Freescale/CW MCU v10.6.4/MCU/ARM_GCC_Support/ewl/lib/armv6-m\libc.a(__strtoul.o)
 .debug_frame   0x00000ae8       0x28 C:/Freescale/CW MCU v10.6.4/MCU/ARM_GCC_Support/ewl/lib/armv6-m\libc.a(strchr.o)
 .debug_frame   0x00000b10       0x28 C:/Freescale/CW MCU v10.6.4/MCU/ARM_GCC_Support/ewl/lib/armv6-m\libc.a(memcpy.o)
 .debug_frame   0x00000b38       0x28 C:/Freescale/CW MCU v10.6.4/MCU/ARM_GCC_Support/ewl/lib/armv6-m\libc.a(strlen.o)
 .debug_frame   0x00000b60       0x28 C:/Freescale/CW MCU v10.6.4/MCU/ARM_GCC_Support/ewl/lib/armv6-m\libc.a(memchr.o)
 .debug_frame   0x00000b88       0x20 c:/freescale/cw mcu v10.6.4/cross_tools/arm-none-eabi-gcc-4_7_3/bin/../lib/gcc/arm-none-eabi/4.7.3/armv6-m\libgcc.a(_udivsi3.o)
 .debug_frame   0x00000ba8       0x20 c:/freescale/cw mcu v10.6.4/cross_tools/arm-none-eabi-gcc-4_7_3/bin/../lib/gcc/arm-none-eabi/4.7.3/armv6-m\libgcc.a(_divsi3.o)
 .debug_frame   0x00000bc8       0x40 C:/Freescale/CW MCU v10.6.4/MCU/ARM_GCC_Support/ewl/lib/armv6-m\librt.a(gcc_ctor_dtor.o)
 .debug_frame   0x00000c08       0xbc C:/Freescale/CW MCU v10.6.4/MCU/ARM_GCC_Support/ewl/lib/armv6-m\librt.a(__arm_eabi_init.o)
 .debug_frame   0x00000cc4       0x54 C:/Freescale/CW MCU v10.6.4/MCU/ARM_GCC_Support/ewl/lib/armv6-m\librt.a(ROMCopy.o)
